igor@igor-MS-7808:~$ ssh igor@192.168.1.70
igor@192.168.1.70's password: 
Welcome to Ubuntu 20.04.4 LTS (GNU/Linux 5.4.0-105-generic x86_64)

 * Documentation:  https://help.ubuntu.com
 * Management:     https://landscape.canonical.com
 * Support:        https://ubuntu.com/advantage

  System information as of Чт 24 мар 2022 14:44:07 UTC

  System load:                      0.1
  Usage of /:                       62.8% of 23.99GB
  Memory usage:                     18%
  Swap usage:                       0%
  Processes:                        145
  Users logged in:                  0
  IPv4 address for br-11f4f1756b47: 192.168.49.1
  IPv4 address for docker0:         172.17.0.1
  IPv4 address for enp0s3:          192.168.1.70
  IPv6 address for enp0s3:          2a00:1370:81a8:4ef5:6865:8237:f93d:ff73
  IPv6 address for enp0s3:          2a00:1370:81a8:4ef5:a00:27ff:feed:d11a
  IPv6 address for enp0s3:          fd81:2f4:e5b0:1:a00:27ff:feed:d11a

 * Super-optimized for small spaces - read how we shrank the memory
   footprint of MicroK8s to make it the smallest full K8s around.

   https://ubuntu.com/blog/microk8s-memory-optimisation

0 updates can be applied immediately.


Last login: Tue Mar 22 19:36:55 2022
igor@ubuntu-server:~$ docker version
Client: Docker Engine - Community
 Version:           20.10.13
 API version:       1.41
 Go version:        go1.16.15
 Git commit:        a224086
 Built:             Thu Mar 10 14:07:51 2022
 OS/Arch:           linux/amd64
 Context:           default
 Experimental:      true

Server: Docker Engine - Community
 Engine:
  Version:          20.10.13
  API version:      1.41 (minimum version 1.12)
  Go version:       go1.16.15
  Git commit:       906f57f
  Built:            Thu Mar 10 14:05:44 2022
  OS/Arch:          linux/amd64
  Experimental:     false
 containerd:
  Version:          1.5.10
  GitCommit:        2a1d4dbdb2a1030dc5b01e96fb110a9d9f150ecc
 runc:
  Version:          1.0.3
  GitCommit:        v1.0.3-0-gf46b6ba
 docker-init:
  Version:          0.19.0
  GitCommit:        de40ad0
igor@ubuntu-server:~$ ^C
igor@ubuntu-server:~$ ls
 app                                                        deployment-redmine.yaml   kafka                    pv.yaml
 cicd                                                       deployment_.yaml          kafka_2.12-3.0.0         replicaset_.yaml
'closer.cgi?path=%2Fkafka%2F3.0.0%2Fkafka_2.12-3.0.0.tgz'   example.sql               kafka-3.0.0-src          serviceaccount.yaml
'closer.cgi?path=%2Fkafka%2F3.0.0%2Fkafka-3.0.0-src.tgz'    fulldb_before.sql         kubectl.sha256           service-pg.yaml
 clusterrolebinding.yaml                                    geekbrains                minikube-linux-amd64     service-redmine.yaml
 clusterrole.yaml                                           gitlab-runner.yaml        mysql.sql                service.yaml
 configmap.yaml                                             help_keyword_report.sql   pod_pv_deployment.yaml   shop7.sql
 daemonset.yaml                                             id_rsa_gitlab             pod_.yaml                statefulset.yaml
 data                                                       id_rsa_gitlab.pub         pv2.yaml
 deployment-pg.yaml                                         ingress.yaml              pvc.yaml
igor@ubuntu-server:~$ vi Dockerfile
igor@ubuntu-server:~$ cd geekbrains
igor@ubuntu-server:~/geekbrains$ ls
'Docker Cheat Sheet.pdf'   homework  'Kubectl Cheat Sheet.pdf'   practice   README.md   test.txt
igor@ubuntu-server:~/geekbrains$ cd practice
igor@ubuntu-server:~/geekbrains/practice$ ls
2.docker  3.kubernetes-intro  4.resources-and-persistence  5.kubernetes-network  7.advanced-abstractions  8.ci-cd
igor@ubuntu-server:~/geekbrains/practice$ cd 2.docker
igor@ubuntu-server:~/geekbrains/practice/2.docker$ ls
docker-compose  golang  python-django
igor@ubuntu-server:~/geekbrains/practice/2.docker$ ls
docker-compose  golang  python-django
igor@ubuntu-server:~/geekbrains/practice/2.docker$ cd python-django
igor@ubuntu-server:~/geekbrains/practice/2.docker/python-django$ ls
Dockerfile  manage.py  myapp
igor@ubuntu-server:~/geekbrains/practice/2.docker/python-django$ docker build -t my-first-image .
Sending build context to Docker daemon  11.26kB
Step 1/5 : FROM python:3.9
3.9: Pulling from library/python
5492f66d2700: Pull complete 
540ff8c0841d: Pull complete 
a0bf850a0df0: Pull complete 
d751dc38ae51: Pull complete 
9720a112e886: Pull complete 
f97b81fbdbd9: Pull complete 
8f5bb67e9e73: Pull complete 
0ae6cb39a048: Pull complete 
f8c61b949cf8: Pull complete 
Digest: sha256:279e513ea3784cb0effa3c9ee0aa30d13bf49e8297038e1f718d5e97e31e26cd
Status: Downloaded newer image for python:3.9
 ---> 47abcf270bef
Step 2/5 : RUN pip install Django==3.2
 ---> Running in c2c52002dd9f
Collecting Django==3.2
  Downloading Django-3.2-py3-none-any.whl (7.9 MB)
     ━━━━━━━━━━━━━━━━━━━━━━━━━━━━━━━━━━━━━━━━ 7.9/7.9 MB 19.9 MB/s eta 0:00:00
Collecting pytz
  Downloading pytz-2022.1-py2.py3-none-any.whl (503 kB)
     ━━━━━━━━━━━━━━━━━━━━━━━━━━━━━━━━━━━━━━ 503.5/503.5 KB 25.7 MB/s eta 0:00:00
Collecting sqlparse>=0.2.2
  Downloading sqlparse-0.4.2-py3-none-any.whl (42 kB)
     ━━━━━━━━━━━━━━━━━━━━━━━━━━━━━━━━━━━━━━━━ 42.3/42.3 KB 3.6 MB/s eta 0:00:00
Collecting asgiref<4,>=3.3.2
  Downloading asgiref-3.5.0-py3-none-any.whl (22 kB)
Installing collected packages: pytz, sqlparse, asgiref, Django
Successfully installed Django-3.2 asgiref-3.5.0 pytz-2022.1 sqlparse-0.4.2
WARNING: Running pip as the 'root' user can result in broken permissions and conflicting behaviour with the system package manager. It is recommended to use a virtual environment instead: https://pip.pypa.io/warnings/venv
Removing intermediate container c2c52002dd9f
 ---> 5a5d0f1551a7
Step 3/5 : ADD . /app
 ---> 2b21c3a7b948
Step 4/5 : EXPOSE 8000
 ---> Running in f7b7e21de61f
Removing intermediate container f7b7e21de61f
 ---> cf0e6248cdc0
Step 5/5 : ENTRYPOINT python /app/manage.py runserver 0.0.0.0:8000
 ---> Running in 9b54423cbb98
Removing intermediate container 9b54423cbb98
 ---> 7195fe0eefe0
Successfully built 7195fe0eefe0
Successfully tagged my-first-image:latest
igor@ubuntu-server:~/geekbrains/practice/2.docker/python-django$ docker image -ls
unknown shorthand flag: 'l' in -ls
See 'docker image --help'.

Usage:  docker image COMMAND

Manage images

Commands:
  build       Build an image from a Dockerfile
  history     Show the history of an image
  import      Import the contents from a tarball to create a filesystem image
  inspect     Display detailed information on one or more images
  load        Load an image from a tar archive or STDIN
  ls          List images
  prune       Remove unused images
  pull        Pull an image or a repository from a registry
  push        Push an image or a repository to a registry
  rm          Remove one or more images
  save        Save one or more images to a tar archive (streamed to STDOUT by default)
  tag         Create a tag TARGET_IMAGE that refers to SOURCE_IMAGE

Run 'docker image COMMAND --help' for more information on a command.

igor@ubuntu-server:~/geekbrains/practice/2.docker/python-django$ docker image ls
REPOSITORY                    TAG       IMAGE ID       CREATED         SIZE
my-first-image                latest    7195fe0eefe0   2 minutes ago   956MB
python                        3.9       47abcf270bef   5 days ago      914MB
hello-world                   latest    feb5d9fea6a5   6 months ago    13.3kB
gcr.io/k8s-minikube/kicbase   v0.0.27   9fa1cc16ad6d   6 months ago    1.08GB
igor@ubuntu-server:~/geekbrains/practice/2.docker/python-django$ docker run -d -p 80:8000 my-first-image
6bd5872d22a1537a8775c2ef90488ae2e1f29311d0f647a651056ae3c1a25d5d
igor@ubuntu-server:~/geekbrains/practice/2.docker/python-django$ docker ps
CONTAINER ID   IMAGE            COMMAND                  CREATED              STATUS              PORTS                                   NAMES
6bd5872d22a1   my-first-image   "/bin/sh -c 'python …"   About a minute ago   Up About a minute   0.0.0.0:80->8000/tcp, :::80->8000/tcp   intelligent_elion
igor@ubuntu-server:~/geekbrains/practice/2.docker/python-django$ docker logs 6bd5872d22a1
Watching for file changes with StatReloader
igor@ubuntu-server:~/geekbrains/practice/2.docker/python-django$ curl 0.0.0.0:80
<!DOCTYPE html>
<html lang="en">
<head>
  <meta http-equiv="content-type" content="text/html; charset=utf-8">
  <meta name="robots" content="NONE,NOARCHIVE">
  <title>DisallowedHost
          at /</title>
  <style type="text/css">
    html * { padding:0; margin:0; }
    body * { padding:10px 20px; }
    body * * { padding:0; }
    body { font:small sans-serif; background-color:#fff; color:#000; }
    body>div { border-bottom:1px solid #ddd; }
    h1 { font-weight:normal; }
    h2 { margin-bottom:.8em; }
    h3 { margin:1em 0 .5em 0; }
    h4 { margin:0 0 .5em 0; font-weight: normal; }
    code, pre { font-size: 100%; white-space: pre-wrap; }
    table { border:1px solid #ccc; border-collapse: collapse; width:100%; background:white; }
    tbody td, tbody th { vertical-align:top; padding:2px 3px; }
    thead th {
      padding:1px 6px 1px 3px; background:#fefefe; text-align:left;
      font-weight:normal; font-size:11px; border:1px solid #ddd;
    }
    tbody th { width:12em; text-align:right; color:#666; padding-right:.5em; }
    table.vars { margin:5px 0 2px 40px; }
    table.vars td, table.req td { font-family:monospace; }
    table td.code { width:100%; }
    table td.code pre { overflow:hidden; }
    table.source th { color:#666; }
    table.source td { font-family:monospace; white-space:pre; border-bottom:1px solid #eee; }
    ul.traceback { list-style-type:none; color: #222; }
    ul.traceback li.frame { padding-bottom:1em; color:#4f4f4f; }
    ul.traceback li.user { background-color:#e0e0e0; color:#000 }
    div.context { padding:10px 0; overflow:hidden; }
    div.context ol { padding-left:30px; margin:0 10px; list-style-position: inside; }
    div.context ol li { font-family:monospace; white-space:pre; color:#777; cursor:pointer; padding-left: 2px; }
    div.context ol li pre { display:inline; }
    div.context ol.context-line li { color:#464646; background-color:#dfdfdf; padding: 3px 2px; }
    div.context ol.context-line li span { position:absolute; right:32px; }
    .user div.context ol.context-line li { background-color:#bbb; color:#000; }
    .user div.context ol li { color:#666; }
    div.commands { margin-left: 40px; }
    div.commands a { color:#555; text-decoration:none; }
    .user div.commands a { color: black; }
    #summary { background: #ffc; }
    #summary h2 { font-weight: normal; color: #666; }
    #explanation { background:#eee; }
    #template, #template-not-exist { background:#f6f6f6; }
    #template-not-exist ul { margin: 0 0 10px 20px; }
    #template-not-exist .postmortem-section { margin-bottom: 3px; }
    #unicode-hint { background:#eee; }
    #traceback { background:#eee; }
    #requestinfo { background:#f6f6f6; padding-left:120px; }
    #summary table { border:none; background:transparent; }
    #requestinfo h2, #requestinfo h3 { position:relative; margin-left:-100px; }
    #requestinfo h3 { margin-bottom:-1em; }
    .error { background: #ffc; }
    .specific { color:#cc3300; font-weight:bold; }
    h2 span.commands { font-size:.7em; font-weight:normal; }
    span.commands a:link {color:#5E5694;}
    pre.exception_value { font-family: sans-serif; color: #575757; font-size: 1.5em; margin: 10px 0 10px 0; }
    .append-bottom { margin-bottom: 10px; }
    .fname { user-select: all; }
  </style>
  
  <script>
    function hideAll(elems) {
      for (var e = 0; e < elems.length; e++) {
        elems[e].style.display = 'none';
      }
    }
    window.onload = function() {
      hideAll(document.querySelectorAll('table.vars'));
      hideAll(document.querySelectorAll('ol.pre-context'));
      hideAll(document.querySelectorAll('ol.post-context'));
      hideAll(document.querySelectorAll('div.pastebin'));
    }
    function toggle() {
      for (var i = 0; i < arguments.length; i++) {
        var e = document.getElementById(arguments[i]);
        if (e) {
          e.style.display = e.style.display == 'none' ? 'block': 'none';
        }
      }
      return false;
    }
    function varToggle(link, id) {
      toggle('v' + id);
      var s = link.getElementsByTagName('span')[0];
      var uarr = String.fromCharCode(0x25b6);
      var darr = String.fromCharCode(0x25bc);
      s.textContent = s.textContent == uarr ? darr : uarr;
      return false;
    }
    function switchPastebinFriendly(link) {
      s1 = "Switch to copy-and-paste view";
      s2 = "Switch back to interactive view";
      link.textContent = link.textContent.trim() == s1 ? s2: s1;
      toggle('browserTraceback', 'pastebinTraceback');
      return false;
    }
  </script>
  
</head>
<body>
<div id="summary">
  <h1>DisallowedHost
       at /</h1>
  <pre class="exception_value">Invalid HTTP_HOST header: &#x27;0.0.0.0&#x27;. You may need to add &#x27;0.0.0.0&#x27; to ALLOWED_HOSTS.</pre>
  <table class="meta">

    <tr>
      <th>Request Method:</th>
      <td>GET</td>
    </tr>
    <tr>
      <th>Request URL:</th>
      <td>http://0.0.0.0/</td>
    </tr>

    <tr>
      <th>Django Version:</th>
      <td>3.2</td>
    </tr>

    <tr>
      <th>Exception Type:</th>
      <td>DisallowedHost</td>
    </tr>


    <tr>
      <th>Exception Value:</th>
      <td><pre>Invalid HTTP_HOST header: &#x27;0.0.0.0&#x27;. You may need to add &#x27;0.0.0.0&#x27; to ALLOWED_HOSTS.</pre></td>
    </tr>


    <tr>
      <th>Exception Location:</th>
      <td><span class="fname">/usr/local/lib/python3.9/site-packages/django/http/request.py</span>, line 149, in get_host</td>
    </tr>

    <tr>
      <th>Python Executable:</th>
      <td>/usr/local/bin/python</td>
    </tr>
    <tr>
      <th>Python Version:</th>
      <td>3.9.11</td>
    </tr>
    <tr>
      <th>Python Path:</th>
      <td><pre>[&#x27;/app&#x27;,
 &#x27;/usr/local/lib/python39.zip&#x27;,
 &#x27;/usr/local/lib/python3.9&#x27;,
 &#x27;/usr/local/lib/python3.9/lib-dynload&#x27;,
 &#x27;/usr/local/lib/python3.9/site-packages&#x27;]</pre></td>
    </tr>
    <tr>
      <th>Server time:</th>
      <td>Thu, 24 Mar 2022 15:32:35 +0000</td>
    </tr>
  </table>
</div>




<div id="traceback">
  <h2>Traceback <span class="commands"><a href="#" onclick="return switchPastebinFriendly(this);">
    Switch to copy-and-paste view</a></span>
  </h2>
  <div id="browserTraceback">
    <ul class="traceback">
      
        
        <li class="frame django">
          
            <code class="fname">/usr/local/lib/python3.9/site-packages/django/core/handlers/exception.py</code>, line 47, in inner
          

          
            <div class="context" id="c140665918940160">
              
                <ol start="40" class="pre-context" id="pre140665918940160">
                
                  <li onclick="toggle('pre140665918940160', 'post140665918940160')"><pre>                response = await sync_to_async(response_for_exception, thread_sensitive=False)(request, exc)</pre></li>
                
                  <li onclick="toggle('pre140665918940160', 'post140665918940160')"><pre>            return response</pre></li>
                
                  <li onclick="toggle('pre140665918940160', 'post140665918940160')"><pre>        return inner</pre></li>
                
                  <li onclick="toggle('pre140665918940160', 'post140665918940160')"><pre>    else:</pre></li>
                
                  <li onclick="toggle('pre140665918940160', 'post140665918940160')"><pre>        @wraps(get_response)</pre></li>
                
                  <li onclick="toggle('pre140665918940160', 'post140665918940160')"><pre>        def inner(request):</pre></li>
                
                  <li onclick="toggle('pre140665918940160', 'post140665918940160')"><pre>            try:</pre></li>
                
                </ol>
              
              <ol start="47" class="context-line">
                <li onclick="toggle('pre140665918940160', 'post140665918940160')"><pre>                response = get_response(request)</pre> <span>…</span></li>
              </ol>
              
                <ol start='48' class="post-context" id="post140665918940160">
                  
                  <li onclick="toggle('pre140665918940160', 'post140665918940160')"><pre>            except Exception as exc:</pre></li>
                  
                  <li onclick="toggle('pre140665918940160', 'post140665918940160')"><pre>                response = response_for_exception(request, exc)</pre></li>
                  
                  <li onclick="toggle('pre140665918940160', 'post140665918940160')"><pre>            return response</pre></li>
                  
                  <li onclick="toggle('pre140665918940160', 'post140665918940160')"><pre>        return inner</pre></li>
                  
                  <li onclick="toggle('pre140665918940160', 'post140665918940160')"><pre></pre></li>
                  
                  <li onclick="toggle('pre140665918940160', 'post140665918940160')"><pre></pre></li>
                  
              </ol>
              
            </div>
          

          
            <div class="commands">
                
                    <a href="#" onclick="return varToggle(this, '140665918940160')"><span>&#x25b6;</span> Local vars</a>
                
            </div>
            <table class="vars" id="v140665918940160">
              <thead>
                <tr>
                  <th>Variable</th>
                  <th>Value</th>
                </tr>
              </thead>
              <tbody>
                
                  <tr>
                    <td>exc</td>
                    <td class="code"><pre>DisallowedHost(&quot;Invalid HTTP_HOST header: &#x27;0.0.0.0&#x27;. You may need to add &#x27;0.0.0.0&#x27; to ALLOWED_HOSTS.&quot;)</pre></td>
                  </tr>
                
                  <tr>
                    <td>get_response</td>
                    <td class="code"><pre>&lt;django.middleware.common.CommonMiddleware object at 0x7fef56b202e0&gt;</pre></td>
                  </tr>
                
                  <tr>
                    <td>request</td>
                    <td class="code"><pre>&lt;WSGIRequest: GET &#x27;/&#x27;&gt;</pre></td>
                  </tr>
                
              </tbody>
            </table>
          
        </li>
      
        
        <li class="frame django">
          
            <code class="fname">/usr/local/lib/python3.9/site-packages/django/utils/deprecation.py</code>, line 116, in __call__
          

          
            <div class="context" id="c140665927813312">
              
                <ol start="109" class="pre-context" id="pre140665927813312">
                
                  <li onclick="toggle('pre140665927813312', 'post140665927813312')"><pre></pre></li>
                
                  <li onclick="toggle('pre140665927813312', 'post140665927813312')"><pre>    def __call__(self, request):</pre></li>
                
                  <li onclick="toggle('pre140665927813312', 'post140665927813312')"><pre>        # Exit out to async mode, if needed</pre></li>
                
                  <li onclick="toggle('pre140665927813312', 'post140665927813312')"><pre>        if asyncio.iscoroutinefunction(self.get_response):</pre></li>
                
                  <li onclick="toggle('pre140665927813312', 'post140665927813312')"><pre>            return self.__acall__(request)</pre></li>
                
                  <li onclick="toggle('pre140665927813312', 'post140665927813312')"><pre>        response = None</pre></li>
                
                  <li onclick="toggle('pre140665927813312', 'post140665927813312')"><pre>        if hasattr(self, &#x27;process_request&#x27;):</pre></li>
                
                </ol>
              
              <ol start="116" class="context-line">
                <li onclick="toggle('pre140665927813312', 'post140665927813312')"><pre>            response = self.process_request(request)</pre> <span>…</span></li>
              </ol>
              
                <ol start='117' class="post-context" id="post140665927813312">
                  
                  <li onclick="toggle('pre140665927813312', 'post140665927813312')"><pre>        response = response or self.get_response(request)</pre></li>
                  
                  <li onclick="toggle('pre140665927813312', 'post140665927813312')"><pre>        if hasattr(self, &#x27;process_response&#x27;):</pre></li>
                  
                  <li onclick="toggle('pre140665927813312', 'post140665927813312')"><pre>            response = self.process_response(request, response)</pre></li>
                  
                  <li onclick="toggle('pre140665927813312', 'post140665927813312')"><pre>        return response</pre></li>
                  
                  <li onclick="toggle('pre140665927813312', 'post140665927813312')"><pre></pre></li>
                  
                  <li onclick="toggle('pre140665927813312', 'post140665927813312')"><pre>    async def __acall__(self, request):</pre></li>
                  
              </ol>
              
            </div>
          

          
            <div class="commands">
                
                    <a href="#" onclick="return varToggle(this, '140665927813312')"><span>&#x25b6;</span> Local vars</a>
                
            </div>
            <table class="vars" id="v140665927813312">
              <thead>
                <tr>
                  <th>Variable</th>
                  <th>Value</th>
                </tr>
              </thead>
              <tbody>
                
                  <tr>
                    <td>request</td>
                    <td class="code"><pre>&lt;WSGIRequest: GET &#x27;/&#x27;&gt;</pre></td>
                  </tr>
                
                  <tr>
                    <td>response</td>
                    <td class="code"><pre>None</pre></td>
                  </tr>
                
                  <tr>
                    <td>self</td>
                    <td class="code"><pre>&lt;django.middleware.common.CommonMiddleware object at 0x7fef56b202e0&gt;</pre></td>
                  </tr>
                
              </tbody>
            </table>
          
        </li>
      
        
        <li class="frame django">
          
            <code class="fname">/usr/local/lib/python3.9/site-packages/django/middleware/common.py</code>, line 48, in process_request
          

          
            <div class="context" id="c140665927812992">
              
                <ol start="41" class="pre-context" id="pre140665927812992">
                
                  <li onclick="toggle('pre140665927812992', 'post140665927812992')"><pre>        user_agent = request.META.get(&#x27;HTTP_USER_AGENT&#x27;)</pre></li>
                
                  <li onclick="toggle('pre140665927812992', 'post140665927812992')"><pre>        if user_agent is not None:</pre></li>
                
                  <li onclick="toggle('pre140665927812992', 'post140665927812992')"><pre>            for user_agent_regex in settings.DISALLOWED_USER_AGENTS:</pre></li>
                
                  <li onclick="toggle('pre140665927812992', 'post140665927812992')"><pre>                if user_agent_regex.search(user_agent):</pre></li>
                
                  <li onclick="toggle('pre140665927812992', 'post140665927812992')"><pre>                    raise PermissionDenied(&#x27;Forbidden user agent&#x27;)</pre></li>
                
                  <li onclick="toggle('pre140665927812992', 'post140665927812992')"><pre></pre></li>
                
                  <li onclick="toggle('pre140665927812992', 'post140665927812992')"><pre>        # Check for a redirect based on settings.PREPEND_WWW</pre></li>
                
                </ol>
              
              <ol start="48" class="context-line">
                <li onclick="toggle('pre140665927812992', 'post140665927812992')"><pre>        host = request.get_host()</pre> <span>…</span></li>
              </ol>
              
                <ol start='49' class="post-context" id="post140665927812992">
                  
                  <li onclick="toggle('pre140665927812992', 'post140665927812992')"><pre>        must_prepend = settings.PREPEND_WWW and host and not host.startswith(&#x27;www.&#x27;)</pre></li>
                  
                  <li onclick="toggle('pre140665927812992', 'post140665927812992')"><pre>        redirect_url = (&#x27;%s://www.%s&#x27; % (request.scheme, host)) if must_prepend else &#x27;&#x27;</pre></li>
                  
                  <li onclick="toggle('pre140665927812992', 'post140665927812992')"><pre></pre></li>
                  
                  <li onclick="toggle('pre140665927812992', 'post140665927812992')"><pre>        # Check if a slash should be appended</pre></li>
                  
                  <li onclick="toggle('pre140665927812992', 'post140665927812992')"><pre>        if self.should_redirect_with_slash(request):</pre></li>
                  
                  <li onclick="toggle('pre140665927812992', 'post140665927812992')"><pre>            path = self.get_full_path_with_slash(request)</pre></li>
                  
              </ol>
              
            </div>
          

          
            <div class="commands">
                
                    <a href="#" onclick="return varToggle(this, '140665927812992')"><span>&#x25b6;</span> Local vars</a>
                
            </div>
            <table class="vars" id="v140665927812992">
              <thead>
                <tr>
                  <th>Variable</th>
                  <th>Value</th>
                </tr>
              </thead>
              <tbody>
                
                  <tr>
                    <td>request</td>
                    <td class="code"><pre>&lt;WSGIRequest: GET &#x27;/&#x27;&gt;</pre></td>
                  </tr>
                
                  <tr>
                    <td>self</td>
                    <td class="code"><pre>&lt;django.middleware.common.CommonMiddleware object at 0x7fef56b202e0&gt;</pre></td>
                  </tr>
                
                  <tr>
                    <td>user_agent</td>
                    <td class="code"><pre>&#x27;curl/7.68.0&#x27;</pre></td>
                  </tr>
                
              </tbody>
            </table>
          
        </li>
      
        
        <li class="frame django">
          
            <code class="fname">/usr/local/lib/python3.9/site-packages/django/http/request.py</code>, line 149, in get_host
          

          
            <div class="context" id="c140665927812928">
              
                <ol start="142" class="pre-context" id="pre140665927812928">
                
                  <li onclick="toggle('pre140665927812928', 'post140665927812928')"><pre>            return host</pre></li>
                
                  <li onclick="toggle('pre140665927812928', 'post140665927812928')"><pre>        else:</pre></li>
                
                  <li onclick="toggle('pre140665927812928', 'post140665927812928')"><pre>            msg = &quot;Invalid HTTP_HOST header: %r.&quot; % host</pre></li>
                
                  <li onclick="toggle('pre140665927812928', 'post140665927812928')"><pre>            if domain:</pre></li>
                
                  <li onclick="toggle('pre140665927812928', 'post140665927812928')"><pre>                msg += &quot; You may need to add %r to ALLOWED_HOSTS.&quot; % domain</pre></li>
                
                  <li onclick="toggle('pre140665927812928', 'post140665927812928')"><pre>            else:</pre></li>
                
                  <li onclick="toggle('pre140665927812928', 'post140665927812928')"><pre>                msg += &quot; The domain name provided is not valid according to RFC 1034/1035.&quot;</pre></li>
                
                </ol>
              
              <ol start="149" class="context-line">
                <li onclick="toggle('pre140665927812928', 'post140665927812928')"><pre>            raise DisallowedHost(msg)</pre> <span>…</span></li>
              </ol>
              
                <ol start='150' class="post-context" id="post140665927812928">
                  
                  <li onclick="toggle('pre140665927812928', 'post140665927812928')"><pre></pre></li>
                  
                  <li onclick="toggle('pre140665927812928', 'post140665927812928')"><pre>    def get_port(self):</pre></li>
                  
                  <li onclick="toggle('pre140665927812928', 'post140665927812928')"><pre>        &quot;&quot;&quot;Return the port number for the request as a string.&quot;&quot;&quot;</pre></li>
                  
                  <li onclick="toggle('pre140665927812928', 'post140665927812928')"><pre>        if settings.USE_X_FORWARDED_PORT and &#x27;HTTP_X_FORWARDED_PORT&#x27; in self.META:</pre></li>
                  
                  <li onclick="toggle('pre140665927812928', 'post140665927812928')"><pre>            port = self.META[&#x27;HTTP_X_FORWARDED_PORT&#x27;]</pre></li>
                  
                  <li onclick="toggle('pre140665927812928', 'post140665927812928')"><pre>        else:</pre></li>
                  
              </ol>
              
            </div>
          

          
            <div class="commands">
                
                    <a href="#" onclick="return varToggle(this, '140665927812928')"><span>&#x25b6;</span> Local vars</a>
                
            </div>
            <table class="vars" id="v140665927812928">
              <thead>
                <tr>
                  <th>Variable</th>
                  <th>Value</th>
                </tr>
              </thead>
              <tbody>
                
                  <tr>
                    <td>allowed_hosts</td>
                    <td class="code"><pre>[&#x27;.localhost&#x27;, &#x27;127.0.0.1&#x27;, &#x27;[::1]&#x27;]</pre></td>
                  </tr>
                
                  <tr>
                    <td>domain</td>
                    <td class="code"><pre>&#x27;0.0.0.0&#x27;</pre></td>
                  </tr>
                
                  <tr>
                    <td>host</td>
                    <td class="code"><pre>&#x27;0.0.0.0&#x27;</pre></td>
                  </tr>
                
                  <tr>
                    <td>msg</td>
                    <td class="code"><pre>(&quot;Invalid HTTP_HOST header: &#x27;0.0.0.0&#x27;. You may need to add &#x27;0.0.0.0&#x27; to &quot;
 &#x27;ALLOWED_HOSTS.&#x27;)</pre></td>
                  </tr>
                
                  <tr>
                    <td>port</td>
                    <td class="code"><pre>&#x27;&#x27;</pre></td>
                  </tr>
                
                  <tr>
                    <td>self</td>
                    <td class="code"><pre>&lt;WSGIRequest: GET &#x27;/&#x27;&gt;</pre></td>
                  </tr>
                
              </tbody>
            </table>
          
        </li>
      
    </ul>
  </div>
  <form action="https://dpaste.com/" name="pasteform" id="pasteform" method="post">

  <div id="pastebinTraceback" class="pastebin">
    <input type="hidden" name="language" value="PythonConsole">
    <input type="hidden" name="title"
      value="DisallowedHost at /">
    <input type="hidden" name="source" value="Django Dpaste Agent">
    <input type="hidden" name="poster" value="Django">
    <textarea name="content" id="traceback_area" cols="140" rows="25">
Environment:


Request Method: GET
Request URL: http://0.0.0.0/

Django Version: 3.2
Python Version: 3.9.11
Installed Applications:
[&#x27;django.contrib.admin&#x27;,
 &#x27;django.contrib.auth&#x27;,
 &#x27;django.contrib.contenttypes&#x27;,
 &#x27;django.contrib.sessions&#x27;,
 &#x27;django.contrib.messages&#x27;,
 &#x27;django.contrib.staticfiles&#x27;]
Installed Middleware:
[&#x27;django.middleware.security.SecurityMiddleware&#x27;,
 &#x27;django.contrib.sessions.middleware.SessionMiddleware&#x27;,
 &#x27;django.middleware.common.CommonMiddleware&#x27;,
 &#x27;django.middleware.csrf.CsrfViewMiddleware&#x27;,
 &#x27;django.contrib.auth.middleware.AuthenticationMiddleware&#x27;,
 &#x27;django.contrib.messages.middleware.MessageMiddleware&#x27;,
 &#x27;django.middleware.clickjacking.XFrameOptionsMiddleware&#x27;]



Traceback (most recent call last):
  File "/usr/local/lib/python3.9/site-packages/django/core/handlers/exception.py", line 47, in inner
    response = get_response(request)
  File "/usr/local/lib/python3.9/site-packages/django/utils/deprecation.py", line 116, in __call__
    response = self.process_request(request)
  File "/usr/local/lib/python3.9/site-packages/django/middleware/common.py", line 48, in process_request
    host = request.get_host()
  File "/usr/local/lib/python3.9/site-packages/django/http/request.py", line 149, in get_host
    raise DisallowedHost(msg)

Exception Type: DisallowedHost at /
Exception Value: Invalid HTTP_HOST header: &#x27;0.0.0.0&#x27;. You may need to add &#x27;0.0.0.0&#x27; to ALLOWED_HOSTS.
</textarea>
  <br><br>
  <input type="submit" value="Share this traceback on a public website">
  </div>
</form>
</div>



<div id="requestinfo">
  <h2>Request information</h2>


  
    <h3 id="user-info">USER</h3>
    <p>[unable to retrieve the current user]</p>
  

  <h3 id="get-info">GET</h3>
  
    <p>No GET data</p>
  

  <h3 id="post-info">POST</h3>
  
    <p>No POST data</p>
  
  <h3 id="files-info">FILES</h3>
  
    <p>No FILES data</p>
  


  <h3 id="cookie-info">COOKIES</h3>
  
    <p>No cookie data</p>
  

  <h3 id="meta-info">META</h3>
  <table class="req">
    <thead>
      <tr>
        <th>Variable</th>
        <th>Value</th>
      </tr>
    </thead>
    <tbody>
      
        <tr>
          <td>CONTENT_LENGTH</td>
          <td class="code"><pre>&#x27;&#x27;</pre></td>
        </tr>
      
        <tr>
          <td>CONTENT_TYPE</td>
          <td class="code"><pre>&#x27;text/plain&#x27;</pre></td>
        </tr>
      
        <tr>
          <td>DJANGO_SETTINGS_MODULE</td>
          <td class="code"><pre>&#x27;myapp.settings&#x27;</pre></td>
        </tr>
      
        <tr>
          <td>GATEWAY_INTERFACE</td>
          <td class="code"><pre>&#x27;CGI/1.1&#x27;</pre></td>
        </tr>
      
        <tr>
          <td>GPG_KEY</td>
          <td class="code"><pre>&#x27;********************&#x27;</pre></td>
        </tr>
      
        <tr>
          <td>HOME</td>
          <td class="code"><pre>&#x27;/root&#x27;</pre></td>
        </tr>
      
        <tr>
          <td>HOSTNAME</td>
          <td class="code"><pre>&#x27;6bd5872d22a1&#x27;</pre></td>
        </tr>
      
        <tr>
          <td>HTTP_ACCEPT</td>
          <td class="code"><pre>&#x27;*/*&#x27;</pre></td>
        </tr>
      
        <tr>
          <td>HTTP_HOST</td>
          <td class="code"><pre>&#x27;0.0.0.0&#x27;</pre></td>
        </tr>
      
        <tr>
          <td>HTTP_USER_AGENT</td>
          <td class="code"><pre>&#x27;curl/7.68.0&#x27;</pre></td>
        </tr>
      
        <tr>
          <td>LANG</td>
          <td class="code"><pre>&#x27;C.UTF-8&#x27;</pre></td>
        </tr>
      
        <tr>
          <td>PATH</td>
          <td class="code"><pre>&#x27;/usr/local/bin:/usr/local/sbin:/usr/local/bin:/usr/sbin:/usr/bin:/sbin:/bin&#x27;</pre></td>
        </tr>
      
        <tr>
          <td>PATH_INFO</td>
          <td class="code"><pre>&#x27;/&#x27;</pre></td>
        </tr>
      
        <tr>
          <td>PWD</td>
          <td class="code"><pre>&#x27;/&#x27;</pre></td>
        </tr>
      
        <tr>
          <td>PYTHON_GET_PIP_SHA256</td>
          <td class="code"><pre>&#x27;e235c437e5c7d7524fbce3880ca39b917a73dc565e0c813465b7a7a329bb279a&#x27;</pre></td>
        </tr>
      
        <tr>
          <td>PYTHON_GET_PIP_URL</td>
          <td class="code"><pre>&#x27;https://github.com/pypa/get-pip/raw/38e54e5de07c66e875c11a1ebbdb938854625dd8/public/get-pip.py&#x27;</pre></td>
        </tr>
      
        <tr>
          <td>PYTHON_PIP_VERSION</td>
          <td class="code"><pre>&#x27;22.0.4&#x27;</pre></td>
        </tr>
      
        <tr>
          <td>PYTHON_SETUPTOOLS_VERSION</td>
          <td class="code"><pre>&#x27;58.1.0&#x27;</pre></td>
        </tr>
      
        <tr>
          <td>PYTHON_VERSION</td>
          <td class="code"><pre>&#x27;3.9.11&#x27;</pre></td>
        </tr>
      
        <tr>
          <td>QUERY_STRING</td>
          <td class="code"><pre>&#x27;&#x27;</pre></td>
        </tr>
      
        <tr>
          <td>REMOTE_ADDR</td>
          <td class="code"><pre>&#x27;172.17.0.1&#x27;</pre></td>
        </tr>
      
        <tr>
          <td>REMOTE_HOST</td>
          <td class="code"><pre>&#x27;&#x27;</pre></td>
        </tr>
      
        <tr>
          <td>REQUEST_METHOD</td>
          <td class="code"><pre>&#x27;GET&#x27;</pre></td>
        </tr>
      
        <tr>
          <td>RUN_MAIN</td>
          <td class="code"><pre>&#x27;true&#x27;</pre></td>
        </tr>
      
        <tr>
          <td>SCRIPT_NAME</td>
          <td class="code"><pre>&#x27;&#x27;</pre></td>
        </tr>
      
        <tr>
          <td>SERVER_NAME</td>
          <td class="code"><pre>&#x27;6bd5872d22a1&#x27;</pre></td>
        </tr>
      
        <tr>
          <td>SERVER_PORT</td>
          <td class="code"><pre>&#x27;8000&#x27;</pre></td>
        </tr>
      
        <tr>
          <td>SERVER_PROTOCOL</td>
          <td class="code"><pre>&#x27;HTTP/1.1&#x27;</pre></td>
        </tr>
      
        <tr>
          <td>SERVER_SOFTWARE</td>
          <td class="code"><pre>&#x27;WSGIServer/0.2&#x27;</pre></td>
        </tr>
      
        <tr>
          <td>TZ</td>
          <td class="code"><pre>&#x27;UTC&#x27;</pre></td>
        </tr>
      
        <tr>
          <td>wsgi.errors</td>
          <td class="code"><pre>&lt;_io.TextIOWrapper name=&#x27;&lt;stderr&gt;&#x27; mode=&#x27;w&#x27; encoding=&#x27;utf-8&#x27;&gt;</pre></td>
        </tr>
      
        <tr>
          <td>wsgi.file_wrapper</td>
          <td class="code"><pre>&lt;class &#x27;wsgiref.util.FileWrapper&#x27;&gt;</pre></td>
        </tr>
      
        <tr>
          <td>wsgi.input</td>
          <td class="code"><pre>&lt;django.core.handlers.wsgi.LimitedStream object at 0x7fef56a70d60&gt;</pre></td>
        </tr>
      
        <tr>
          <td>wsgi.multiprocess</td>
          <td class="code"><pre>False</pre></td>
        </tr>
      
        <tr>
          <td>wsgi.multithread</td>
          <td class="code"><pre>True</pre></td>
        </tr>
      
        <tr>
          <td>wsgi.run_once</td>
          <td class="code"><pre>False</pre></td>
        </tr>
      
        <tr>
          <td>wsgi.url_scheme</td>
          <td class="code"><pre>&#x27;http&#x27;</pre></td>
        </tr>
      
        <tr>
          <td>wsgi.version</td>
          <td class="code"><pre>(1, 0)</pre></td>
        </tr>
      
    </tbody>
  </table>


  <h3 id="settings-info">Settings</h3>
  <h4>Using settings module <code>myapp.settings</code></h4>
  <table class="req">
    <thead>
      <tr>
        <th>Setting</th>
        <th>Value</th>
      </tr>
    </thead>
    <tbody>
      
        <tr>
          <td>ABSOLUTE_URL_OVERRIDES</td>
          <td class="code"><pre>{}</pre></td>
        </tr>
      
        <tr>
          <td>ADMINS</td>
          <td class="code"><pre>[]</pre></td>
        </tr>
      
        <tr>
          <td>ALLOWED_HOSTS</td>
          <td class="code"><pre>[]</pre></td>
        </tr>
      
        <tr>
          <td>APPEND_SLASH</td>
          <td class="code"><pre>True</pre></td>
        </tr>
      
        <tr>
          <td>AUTHENTICATION_BACKENDS</td>
          <td class="code"><pre>[&#x27;django.contrib.auth.backends.ModelBackend&#x27;]</pre></td>
        </tr>
      
        <tr>
          <td>AUTH_PASSWORD_VALIDATORS</td>
          <td class="code"><pre>&#x27;********************&#x27;</pre></td>
        </tr>
      
        <tr>
          <td>AUTH_USER_MODEL</td>
          <td class="code"><pre>&#x27;auth.User&#x27;</pre></td>
        </tr>
      
        <tr>
          <td>BASE_DIR</td>
          <td class="code"><pre>&#x27;/app&#x27;</pre></td>
        </tr>
      
        <tr>
          <td>CACHES</td>
          <td class="code"><pre>{&#x27;default&#x27;: {&#x27;BACKEND&#x27;: &#x27;django.core.cache.backends.locmem.LocMemCache&#x27;}}</pre></td>
        </tr>
      
        <tr>
          <td>CACHE_MIDDLEWARE_ALIAS</td>
          <td class="code"><pre>&#x27;default&#x27;</pre></td>
        </tr>
      
        <tr>
          <td>CACHE_MIDDLEWARE_KEY_PREFIX</td>
          <td class="code"><pre>&#x27;********************&#x27;</pre></td>
        </tr>
      
        <tr>
          <td>CACHE_MIDDLEWARE_SECONDS</td>
          <td class="code"><pre>600</pre></td>
        </tr>
      
        <tr>
          <td>CSRF_COOKIE_AGE</td>
          <td class="code"><pre>31449600</pre></td>
        </tr>
      
        <tr>
          <td>CSRF_COOKIE_DOMAIN</td>
          <td class="code"><pre>None</pre></td>
        </tr>
      
        <tr>
          <td>CSRF_COOKIE_HTTPONLY</td>
          <td class="code"><pre>False</pre></td>
        </tr>
      
        <tr>
          <td>CSRF_COOKIE_NAME</td>
          <td class="code"><pre>&#x27;csrftoken&#x27;</pre></td>
        </tr>
      
        <tr>
          <td>CSRF_COOKIE_PATH</td>
          <td class="code"><pre>&#x27;/&#x27;</pre></td>
        </tr>
      
        <tr>
          <td>CSRF_COOKIE_SAMESITE</td>
          <td class="code"><pre>&#x27;Lax&#x27;</pre></td>
        </tr>
      
        <tr>
          <td>CSRF_COOKIE_SECURE</td>
          <td class="code"><pre>False</pre></td>
        </tr>
      
        <tr>
          <td>CSRF_FAILURE_VIEW</td>
          <td class="code"><pre>&#x27;django.views.csrf.csrf_failure&#x27;</pre></td>
        </tr>
      
        <tr>
          <td>CSRF_HEADER_NAME</td>
          <td class="code"><pre>&#x27;HTTP_X_CSRFTOKEN&#x27;</pre></td>
        </tr>
      
        <tr>
          <td>CSRF_TRUSTED_ORIGINS</td>
          <td class="code"><pre>[]</pre></td>
        </tr>
      
        <tr>
          <td>CSRF_USE_SESSIONS</td>
          <td class="code"><pre>False</pre></td>
        </tr>
      
        <tr>
          <td>DATABASES</td>
          <td class="code"><pre>{&#x27;default&#x27;: {&#x27;ATOMIC_REQUESTS&#x27;: False,
             &#x27;AUTOCOMMIT&#x27;: True,
             &#x27;CONN_MAX_AGE&#x27;: 0,
             &#x27;ENGINE&#x27;: &#x27;django.db.backends.sqlite3&#x27;,
             &#x27;HOST&#x27;: &#x27;&#x27;,
             &#x27;NAME&#x27;: &#x27;/app/db.sqlite3&#x27;,
             &#x27;OPTIONS&#x27;: {},
             &#x27;PASSWORD&#x27;: &#x27;********************&#x27;,
             &#x27;PORT&#x27;: &#x27;&#x27;,
             &#x27;TEST&#x27;: {&#x27;CHARSET&#x27;: None,
                      &#x27;COLLATION&#x27;: None,
                      &#x27;MIGRATE&#x27;: True,
                      &#x27;MIRROR&#x27;: None,
                      &#x27;NAME&#x27;: None},
             &#x27;TIME_ZONE&#x27;: None,
             &#x27;USER&#x27;: &#x27;&#x27;}}</pre></td>
        </tr>
      
        <tr>
          <td>DATABASE_ROUTERS</td>
          <td class="code"><pre>[]</pre></td>
        </tr>
      
        <tr>
          <td>DATA_UPLOAD_MAX_MEMORY_SIZE</td>
          <td class="code"><pre>2621440</pre></td>
        </tr>
      
        <tr>
          <td>DATA_UPLOAD_MAX_NUMBER_FIELDS</td>
          <td class="code"><pre>1000</pre></td>
        </tr>
      
        <tr>
          <td>DATETIME_FORMAT</td>
          <td class="code"><pre>&#x27;N j, Y, P&#x27;</pre></td>
        </tr>
      
        <tr>
          <td>DATETIME_INPUT_FORMATS</td>
          <td class="code"><pre>[&#x27;%Y-%m-%d %H:%M:%S&#x27;,
 &#x27;%Y-%m-%d %H:%M:%S.%f&#x27;,
 &#x27;%Y-%m-%d %H:%M&#x27;,
 &#x27;%m/%d/%Y %H:%M:%S&#x27;,
 &#x27;%m/%d/%Y %H:%M:%S.%f&#x27;,
 &#x27;%m/%d/%Y %H:%M&#x27;,
 &#x27;%m/%d/%y %H:%M:%S&#x27;,
 &#x27;%m/%d/%y %H:%M:%S.%f&#x27;,
 &#x27;%m/%d/%y %H:%M&#x27;]</pre></td>
        </tr>
      
        <tr>
          <td>DATE_FORMAT</td>
          <td class="code"><pre>&#x27;N j, Y&#x27;</pre></td>
        </tr>
      
        <tr>
          <td>DATE_INPUT_FORMATS</td>
          <td class="code"><pre>[&#x27;%Y-%m-%d&#x27;,
 &#x27;%m/%d/%Y&#x27;,
 &#x27;%m/%d/%y&#x27;,
 &#x27;%b %d %Y&#x27;,
 &#x27;%b %d, %Y&#x27;,
 &#x27;%d %b %Y&#x27;,
 &#x27;%d %b, %Y&#x27;,
 &#x27;%B %d %Y&#x27;,
 &#x27;%B %d, %Y&#x27;,
 &#x27;%d %B %Y&#x27;,
 &#x27;%d %B, %Y&#x27;]</pre></td>
        </tr>
      
        <tr>
          <td>DEBUG</td>
          <td class="code"><pre>True</pre></td>
        </tr>
      
        <tr>
          <td>DEBUG_PROPAGATE_EXCEPTIONS</td>
          <td class="code"><pre>False</pre></td>
        </tr>
      
        <tr>
          <td>DECIMAL_SEPARATOR</td>
          <td class="code"><pre>&#x27;.&#x27;</pre></td>
        </tr>
      
        <tr>
          <td>DEFAULT_AUTO_FIELD</td>
          <td class="code"><pre>&#x27;django.db.models.AutoField&#x27;</pre></td>
        </tr>
      
        <tr>
          <td>DEFAULT_CHARSET</td>
          <td class="code"><pre>&#x27;utf-8&#x27;</pre></td>
        </tr>
      
        <tr>
          <td>DEFAULT_EXCEPTION_REPORTER</td>
          <td class="code"><pre>&#x27;django.views.debug.ExceptionReporter&#x27;</pre></td>
        </tr>
      
        <tr>
          <td>DEFAULT_EXCEPTION_REPORTER_FILTER</td>
          <td class="code"><pre>&#x27;django.views.debug.SafeExceptionReporterFilter&#x27;</pre></td>
        </tr>
      
        <tr>
          <td>DEFAULT_FILE_STORAGE</td>
          <td class="code"><pre>&#x27;django.core.files.storage.FileSystemStorage&#x27;</pre></td>
        </tr>
      
        <tr>
          <td>DEFAULT_FROM_EMAIL</td>
          <td class="code"><pre>&#x27;webmaster@localhost&#x27;</pre></td>
        </tr>
      
        <tr>
          <td>DEFAULT_HASHING_ALGORITHM</td>
          <td class="code"><pre>&#x27;sha256&#x27;</pre></td>
        </tr>
      
        <tr>
          <td>DEFAULT_INDEX_TABLESPACE</td>
          <td class="code"><pre>&#x27;&#x27;</pre></td>
        </tr>
      
        <tr>
          <td>DEFAULT_TABLESPACE</td>
          <td class="code"><pre>&#x27;&#x27;</pre></td>
        </tr>
      
        <tr>
          <td>DISALLOWED_USER_AGENTS</td>
          <td class="code"><pre>[]</pre></td>
        </tr>
      
        <tr>
          <td>EMAIL_BACKEND</td>
          <td class="code"><pre>&#x27;django.core.mail.backends.smtp.EmailBackend&#x27;</pre></td>
        </tr>
      
        <tr>
          <td>EMAIL_HOST</td>
          <td class="code"><pre>&#x27;localhost&#x27;</pre></td>
        </tr>
      
        <tr>
          <td>EMAIL_HOST_PASSWORD</td>
          <td class="code"><pre>&#x27;********************&#x27;</pre></td>
        </tr>
      
        <tr>
          <td>EMAIL_HOST_USER</td>
          <td class="code"><pre>&#x27;&#x27;</pre></td>
        </tr>
      
        <tr>
          <td>EMAIL_PORT</td>
          <td class="code"><pre>25</pre></td>
        </tr>
      
        <tr>
          <td>EMAIL_SSL_CERTFILE</td>
          <td class="code"><pre>None</pre></td>
        </tr>
      
        <tr>
          <td>EMAIL_SSL_KEYFILE</td>
          <td class="code"><pre>&#x27;********************&#x27;</pre></td>
        </tr>
      
        <tr>
          <td>EMAIL_SUBJECT_PREFIX</td>
          <td class="code"><pre>&#x27;[Django] &#x27;</pre></td>
        </tr>
      
        <tr>
          <td>EMAIL_TIMEOUT</td>
          <td class="code"><pre>None</pre></td>
        </tr>
      
        <tr>
          <td>EMAIL_USE_LOCALTIME</td>
          <td class="code"><pre>False</pre></td>
        </tr>
      
        <tr>
          <td>EMAIL_USE_SSL</td>
          <td class="code"><pre>False</pre></td>
        </tr>
      
        <tr>
          <td>EMAIL_USE_TLS</td>
          <td class="code"><pre>False</pre></td>
        </tr>
      
        <tr>
          <td>FILE_UPLOAD_DIRECTORY_PERMISSIONS</td>
          <td class="code"><pre>None</pre></td>
        </tr>
      
        <tr>
          <td>FILE_UPLOAD_HANDLERS</td>
          <td class="code"><pre>[&#x27;django.core.files.uploadhandler.MemoryFileUploadHandler&#x27;,
 &#x27;django.core.files.uploadhandler.TemporaryFileUploadHandler&#x27;]</pre></td>
        </tr>
      
        <tr>
          <td>FILE_UPLOAD_MAX_MEMORY_SIZE</td>
          <td class="code"><pre>2621440</pre></td>
        </tr>
      
        <tr>
          <td>FILE_UPLOAD_PERMISSIONS</td>
          <td class="code"><pre>420</pre></td>
        </tr>
      
        <tr>
          <td>FILE_UPLOAD_TEMP_DIR</td>
          <td class="code"><pre>None</pre></td>
        </tr>
      
        <tr>
          <td>FIRST_DAY_OF_WEEK</td>
          <td class="code"><pre>0</pre></td>
        </tr>
      
        <tr>
          <td>FIXTURE_DIRS</td>
          <td class="code"><pre>[]</pre></td>
        </tr>
      
        <tr>
          <td>FORCE_SCRIPT_NAME</td>
          <td class="code"><pre>None</pre></td>
        </tr>
      
        <tr>
          <td>FORMAT_MODULE_PATH</td>
          <td class="code"><pre>None</pre></td>
        </tr>
      
        <tr>
          <td>FORM_RENDERER</td>
          <td class="code"><pre>&#x27;django.forms.renderers.DjangoTemplates&#x27;</pre></td>
        </tr>
      
        <tr>
          <td>IGNORABLE_404_URLS</td>
          <td class="code"><pre>[]</pre></td>
        </tr>
      
        <tr>
          <td>INSTALLED_APPS</td>
          <td class="code"><pre>[&#x27;django.contrib.admin&#x27;,
 &#x27;django.contrib.auth&#x27;,
 &#x27;django.contrib.contenttypes&#x27;,
 &#x27;django.contrib.sessions&#x27;,
 &#x27;django.contrib.messages&#x27;,
 &#x27;django.contrib.staticfiles&#x27;]</pre></td>
        </tr>
      
        <tr>
          <td>INTERNAL_IPS</td>
          <td class="code"><pre>[]</pre></td>
        </tr>
      
        <tr>
          <td>LANGUAGES</td>
          <td class="code"><pre>[(&#x27;af&#x27;, &#x27;Afrikaans&#x27;),
 (&#x27;ar&#x27;, &#x27;Arabic&#x27;),
 (&#x27;ar-dz&#x27;, &#x27;Algerian Arabic&#x27;),
 (&#x27;ast&#x27;, &#x27;Asturian&#x27;),
 (&#x27;az&#x27;, &#x27;Azerbaijani&#x27;),
 (&#x27;bg&#x27;, &#x27;Bulgarian&#x27;),
 (&#x27;be&#x27;, &#x27;Belarusian&#x27;),
 (&#x27;bn&#x27;, &#x27;Bengali&#x27;),
 (&#x27;br&#x27;, &#x27;Breton&#x27;),
 (&#x27;bs&#x27;, &#x27;Bosnian&#x27;),
 (&#x27;ca&#x27;, &#x27;Catalan&#x27;),
 (&#x27;cs&#x27;, &#x27;Czech&#x27;),
 (&#x27;cy&#x27;, &#x27;Welsh&#x27;),
 (&#x27;da&#x27;, &#x27;Danish&#x27;),
 (&#x27;de&#x27;, &#x27;German&#x27;),
 (&#x27;dsb&#x27;, &#x27;Lower Sorbian&#x27;),
 (&#x27;el&#x27;, &#x27;Greek&#x27;),
 (&#x27;en&#x27;, &#x27;English&#x27;),
 (&#x27;en-au&#x27;, &#x27;Australian English&#x27;),
 (&#x27;en-gb&#x27;, &#x27;British English&#x27;),
 (&#x27;eo&#x27;, &#x27;Esperanto&#x27;),
 (&#x27;es&#x27;, &#x27;Spanish&#x27;),
 (&#x27;es-ar&#x27;, &#x27;Argentinian Spanish&#x27;),
 (&#x27;es-co&#x27;, &#x27;Colombian Spanish&#x27;),
 (&#x27;es-mx&#x27;, &#x27;Mexican Spanish&#x27;),
 (&#x27;es-ni&#x27;, &#x27;Nicaraguan Spanish&#x27;),
 (&#x27;es-ve&#x27;, &#x27;Venezuelan Spanish&#x27;),
 (&#x27;et&#x27;, &#x27;Estonian&#x27;),
 (&#x27;eu&#x27;, &#x27;Basque&#x27;),
 (&#x27;fa&#x27;, &#x27;Persian&#x27;),
 (&#x27;fi&#x27;, &#x27;Finnish&#x27;),
 (&#x27;fr&#x27;, &#x27;French&#x27;),
 (&#x27;fy&#x27;, &#x27;Frisian&#x27;),
 (&#x27;ga&#x27;, &#x27;Irish&#x27;),
 (&#x27;gd&#x27;, &#x27;Scottish Gaelic&#x27;),
 (&#x27;gl&#x27;, &#x27;Galician&#x27;),
 (&#x27;he&#x27;, &#x27;Hebrew&#x27;),
 (&#x27;hi&#x27;, &#x27;Hindi&#x27;),
 (&#x27;hr&#x27;, &#x27;Croatian&#x27;),
 (&#x27;hsb&#x27;, &#x27;Upper Sorbian&#x27;),
 (&#x27;hu&#x27;, &#x27;Hungarian&#x27;),
 (&#x27;hy&#x27;, &#x27;Armenian&#x27;),
 (&#x27;ia&#x27;, &#x27;Interlingua&#x27;),
 (&#x27;id&#x27;, &#x27;Indonesian&#x27;),
 (&#x27;ig&#x27;, &#x27;Igbo&#x27;),
 (&#x27;io&#x27;, &#x27;Ido&#x27;),
 (&#x27;is&#x27;, &#x27;Icelandic&#x27;),
 (&#x27;it&#x27;, &#x27;Italian&#x27;),
 (&#x27;ja&#x27;, &#x27;Japanese&#x27;),
 (&#x27;ka&#x27;, &#x27;Georgian&#x27;),
 (&#x27;kab&#x27;, &#x27;Kabyle&#x27;),
 (&#x27;kk&#x27;, &#x27;Kazakh&#x27;),
 (&#x27;km&#x27;, &#x27;Khmer&#x27;),
 (&#x27;kn&#x27;, &#x27;Kannada&#x27;),
 (&#x27;ko&#x27;, &#x27;Korean&#x27;),
 (&#x27;ky&#x27;, &#x27;Kyrgyz&#x27;),
 (&#x27;lb&#x27;, &#x27;Luxembourgish&#x27;),
 (&#x27;lt&#x27;, &#x27;Lithuanian&#x27;),
 (&#x27;lv&#x27;, &#x27;Latvian&#x27;),
 (&#x27;mk&#x27;, &#x27;Macedonian&#x27;),
 (&#x27;ml&#x27;, &#x27;Malayalam&#x27;),
 (&#x27;mn&#x27;, &#x27;Mongolian&#x27;),
 (&#x27;mr&#x27;, &#x27;Marathi&#x27;),
 (&#x27;my&#x27;, &#x27;Burmese&#x27;),
 (&#x27;nb&#x27;, &#x27;Norwegian Bokmål&#x27;),
 (&#x27;ne&#x27;, &#x27;Nepali&#x27;),
 (&#x27;nl&#x27;, &#x27;Dutch&#x27;),
 (&#x27;nn&#x27;, &#x27;Norwegian Nynorsk&#x27;),
 (&#x27;os&#x27;, &#x27;Ossetic&#x27;),
 (&#x27;pa&#x27;, &#x27;Punjabi&#x27;),
 (&#x27;pl&#x27;, &#x27;Polish&#x27;),
 (&#x27;pt&#x27;, &#x27;Portuguese&#x27;),
 (&#x27;pt-br&#x27;, &#x27;Brazilian Portuguese&#x27;),
 (&#x27;ro&#x27;, &#x27;Romanian&#x27;),
 (&#x27;ru&#x27;, &#x27;Russian&#x27;),
 (&#x27;sk&#x27;, &#x27;Slovak&#x27;),
 (&#x27;sl&#x27;, &#x27;Slovenian&#x27;),
 (&#x27;sq&#x27;, &#x27;Albanian&#x27;),
 (&#x27;sr&#x27;, &#x27;Serbian&#x27;),
 (&#x27;sr-latn&#x27;, &#x27;Serbian Latin&#x27;),
 (&#x27;sv&#x27;, &#x27;Swedish&#x27;),
 (&#x27;sw&#x27;, &#x27;Swahili&#x27;),
 (&#x27;ta&#x27;, &#x27;Tamil&#x27;),
 (&#x27;te&#x27;, &#x27;Telugu&#x27;),
 (&#x27;tg&#x27;, &#x27;Tajik&#x27;),
 (&#x27;th&#x27;, &#x27;Thai&#x27;),
 (&#x27;tk&#x27;, &#x27;Turkmen&#x27;),
 (&#x27;tr&#x27;, &#x27;Turkish&#x27;),
 (&#x27;tt&#x27;, &#x27;Tatar&#x27;),
 (&#x27;udm&#x27;, &#x27;Udmurt&#x27;),
 (&#x27;uk&#x27;, &#x27;Ukrainian&#x27;),
 (&#x27;ur&#x27;, &#x27;Urdu&#x27;),
 (&#x27;uz&#x27;, &#x27;Uzbek&#x27;),
 (&#x27;vi&#x27;, &#x27;Vietnamese&#x27;),
 (&#x27;zh-hans&#x27;, &#x27;Simplified Chinese&#x27;),
 (&#x27;zh-hant&#x27;, &#x27;Traditional Chinese&#x27;)]</pre></td>
        </tr>
      
        <tr>
          <td>LANGUAGES_BIDI</td>
          <td class="code"><pre>[&#x27;he&#x27;, &#x27;ar&#x27;, &#x27;ar-dz&#x27;, &#x27;fa&#x27;, &#x27;ur&#x27;]</pre></td>
        </tr>
      
        <tr>
          <td>LANGUAGE_CODE</td>
          <td class="code"><pre>&#x27;en-us&#x27;</pre></td>
        </tr>
      
        <tr>
          <td>LANGUAGE_COOKIE_AGE</td>
          <td class="code"><pre>None</pre></td>
        </tr>
      
        <tr>
          <td>LANGUAGE_COOKIE_DOMAIN</td>
          <td class="code"><pre>None</pre></td>
        </tr>
      
        <tr>
          <td>LANGUAGE_COOKIE_HTTPONLY</td>
          <td class="code"><pre>False</pre></td>
        </tr>
      
        <tr>
          <td>LANGUAGE_COOKIE_NAME</td>
          <td class="code"><pre>&#x27;django_language&#x27;</pre></td>
        </tr>
      
        <tr>
          <td>LANGUAGE_COOKIE_PATH</td>
          <td class="code"><pre>&#x27;/&#x27;</pre></td>
        </tr>
      
        <tr>
          <td>LANGUAGE_COOKIE_SAMESITE</td>
          <td class="code"><pre>None</pre></td>
        </tr>
      
        <tr>
          <td>LANGUAGE_COOKIE_SECURE</td>
          <td class="code"><pre>False</pre></td>
        </tr>
      
        <tr>
          <td>LOCALE_PATHS</td>
          <td class="code"><pre>[]</pre></td>
        </tr>
      
        <tr>
          <td>LOGGING</td>
          <td class="code"><pre>{}</pre></td>
        </tr>
      
        <tr>
          <td>LOGGING_CONFIG</td>
          <td class="code"><pre>&#x27;logging.config.dictConfig&#x27;</pre></td>
        </tr>
      
        <tr>
          <td>LOGIN_REDIRECT_URL</td>
          <td class="code"><pre>&#x27;/accounts/profile/&#x27;</pre></td>
        </tr>
      
        <tr>
          <td>LOGIN_URL</td>
          <td class="code"><pre>&#x27;/accounts/login/&#x27;</pre></td>
        </tr>
      
        <tr>
          <td>LOGOUT_REDIRECT_URL</td>
          <td class="code"><pre>None</pre></td>
        </tr>
      
        <tr>
          <td>MANAGERS</td>
          <td class="code"><pre>[]</pre></td>
        </tr>
      
        <tr>
          <td>MEDIA_ROOT</td>
          <td class="code"><pre>&#x27;&#x27;</pre></td>
        </tr>
      
        <tr>
          <td>MEDIA_URL</td>
          <td class="code"><pre>&#x27;/&#x27;</pre></td>
        </tr>
      
        <tr>
          <td>MESSAGE_STORAGE</td>
          <td class="code"><pre>&#x27;django.contrib.messages.storage.fallback.FallbackStorage&#x27;</pre></td>
        </tr>
      
        <tr>
          <td>MIDDLEWARE</td>
          <td class="code"><pre>[&#x27;django.middleware.security.SecurityMiddleware&#x27;,
 &#x27;django.contrib.sessions.middleware.SessionMiddleware&#x27;,
 &#x27;django.middleware.common.CommonMiddleware&#x27;,
 &#x27;django.middleware.csrf.CsrfViewMiddleware&#x27;,
 &#x27;django.contrib.auth.middleware.AuthenticationMiddleware&#x27;,
 &#x27;django.contrib.messages.middleware.MessageMiddleware&#x27;,
 &#x27;django.middleware.clickjacking.XFrameOptionsMiddleware&#x27;]</pre></td>
        </tr>
      
        <tr>
          <td>MIGRATION_MODULES</td>
          <td class="code"><pre>{}</pre></td>
        </tr>
      
        <tr>
          <td>MONTH_DAY_FORMAT</td>
          <td class="code"><pre>&#x27;F j&#x27;</pre></td>
        </tr>
      
        <tr>
          <td>NUMBER_GROUPING</td>
          <td class="code"><pre>0</pre></td>
        </tr>
      
        <tr>
          <td>PASSWORD_HASHERS</td>
          <td class="code"><pre>&#x27;********************&#x27;</pre></td>
        </tr>
      
        <tr>
          <td>PASSWORD_RESET_TIMEOUT</td>
          <td class="code"><pre>&#x27;********************&#x27;</pre></td>
        </tr>
      
        <tr>
          <td>PASSWORD_RESET_TIMEOUT_DAYS</td>
          <td class="code"><pre>&#x27;********************&#x27;</pre></td>
        </tr>
      
        <tr>
          <td>PREPEND_WWW</td>
          <td class="code"><pre>False</pre></td>
        </tr>
      
        <tr>
          <td>ROOT_URLCONF</td>
          <td class="code"><pre>&#x27;myapp.urls&#x27;</pre></td>
        </tr>
      
        <tr>
          <td>SECRET_KEY</td>
          <td class="code"><pre>&#x27;********************&#x27;</pre></td>
        </tr>
      
        <tr>
          <td>SECURE_BROWSER_XSS_FILTER</td>
          <td class="code"><pre>False</pre></td>
        </tr>
      
        <tr>
          <td>SECURE_CONTENT_TYPE_NOSNIFF</td>
          <td class="code"><pre>True</pre></td>
        </tr>
      
        <tr>
          <td>SECURE_HSTS_INCLUDE_SUBDOMAINS</td>
          <td class="code"><pre>False</pre></td>
        </tr>
      
        <tr>
          <td>SECURE_HSTS_PRELOAD</td>
          <td class="code"><pre>False</pre></td>
        </tr>
      
        <tr>
          <td>SECURE_HSTS_SECONDS</td>
          <td class="code"><pre>0</pre></td>
        </tr>
      
        <tr>
          <td>SECURE_PROXY_SSL_HEADER</td>
          <td class="code"><pre>None</pre></td>
        </tr>
      
        <tr>
          <td>SECURE_REDIRECT_EXEMPT</td>
          <td class="code"><pre>[]</pre></td>
        </tr>
      
        <tr>
          <td>SECURE_REFERRER_POLICY</td>
          <td class="code"><pre>&#x27;same-origin&#x27;</pre></td>
        </tr>
      
        <tr>
          <td>SECURE_SSL_HOST</td>
          <td class="code"><pre>None</pre></td>
        </tr>
      
        <tr>
          <td>SECURE_SSL_REDIRECT</td>
          <td class="code"><pre>False</pre></td>
        </tr>
      
        <tr>
          <td>SERVER_EMAIL</td>
          <td class="code"><pre>&#x27;root@localhost&#x27;</pre></td>
        </tr>
      
        <tr>
          <td>SESSION_CACHE_ALIAS</td>
          <td class="code"><pre>&#x27;default&#x27;</pre></td>
        </tr>
      
        <tr>
          <td>SESSION_COOKIE_AGE</td>
          <td class="code"><pre>1209600</pre></td>
        </tr>
      
        <tr>
          <td>SESSION_COOKIE_DOMAIN</td>
          <td class="code"><pre>None</pre></td>
        </tr>
      
        <tr>
          <td>SESSION_COOKIE_HTTPONLY</td>
          <td class="code"><pre>True</pre></td>
        </tr>
      
        <tr>
          <td>SESSION_COOKIE_NAME</td>
          <td class="code"><pre>&#x27;sessionid&#x27;</pre></td>
        </tr>
      
        <tr>
          <td>SESSION_COOKIE_PATH</td>
          <td class="code"><pre>&#x27;/&#x27;</pre></td>
        </tr>
      
        <tr>
          <td>SESSION_COOKIE_SAMESITE</td>
          <td class="code"><pre>&#x27;Lax&#x27;</pre></td>
        </tr>
      
        <tr>
          <td>SESSION_COOKIE_SECURE</td>
          <td class="code"><pre>False</pre></td>
        </tr>
      
        <tr>
          <td>SESSION_ENGINE</td>
          <td class="code"><pre>&#x27;django.contrib.sessions.backends.db&#x27;</pre></td>
        </tr>
      
        <tr>
          <td>SESSION_EXPIRE_AT_BROWSER_CLOSE</td>
          <td class="code"><pre>False</pre></td>
        </tr>
      
        <tr>
          <td>SESSION_FILE_PATH</td>
          <td class="code"><pre>None</pre></td>
        </tr>
      
        <tr>
          <td>SESSION_SAVE_EVERY_REQUEST</td>
          <td class="code"><pre>False</pre></td>
        </tr>
      
        <tr>
          <td>SESSION_SERIALIZER</td>
          <td class="code"><pre>&#x27;django.contrib.sessions.serializers.JSONSerializer&#x27;</pre></td>
        </tr>
      
        <tr>
          <td>SETTINGS_MODULE</td>
          <td class="code"><pre>&#x27;myapp.settings&#x27;</pre></td>
        </tr>
      
        <tr>
          <td>SHORT_DATETIME_FORMAT</td>
          <td class="code"><pre>&#x27;m/d/Y P&#x27;</pre></td>
        </tr>
      
        <tr>
          <td>SHORT_DATE_FORMAT</td>
          <td class="code"><pre>&#x27;m/d/Y&#x27;</pre></td>
        </tr>
      
        <tr>
          <td>SIGNING_BACKEND</td>
          <td class="code"><pre>&#x27;django.core.signing.TimestampSigner&#x27;</pre></td>
        </tr>
      
        <tr>
          <td>SILENCED_SYSTEM_CHECKS</td>
          <td class="code"><pre>[]</pre></td>
        </tr>
      
        <tr>
          <td>STATICFILES_DIRS</td>
          <td class="code"><pre>[]</pre></td>
        </tr>
      
        <tr>
          <td>STATICFILES_FINDERS</td>
          <td class="code"><pre>[&#x27;django.contrib.staticfiles.finders.FileSystemFinder&#x27;,
 &#x27;django.contrib.staticfiles.finders.AppDirectoriesFinder&#x27;]</pre></td>
        </tr>
      
        <tr>
          <td>STATICFILES_STORAGE</td>
          <td class="code"><pre>&#x27;django.contrib.staticfiles.storage.StaticFilesStorage&#x27;</pre></td>
        </tr>
      
        <tr>
          <td>STATIC_ROOT</td>
          <td class="code"><pre>None</pre></td>
        </tr>
      
        <tr>
          <td>STATIC_URL</td>
          <td class="code"><pre>&#x27;/static/&#x27;</pre></td>
        </tr>
      
        <tr>
          <td>TEMPLATES</td>
          <td class="code"><pre>[{&#x27;APP_DIRS&#x27;: True,
  &#x27;BACKEND&#x27;: &#x27;django.template.backends.django.DjangoTemplates&#x27;,
  &#x27;DIRS&#x27;: [],
  &#x27;OPTIONS&#x27;: {&#x27;context_processors&#x27;: [&#x27;django.template.context_processors.debug&#x27;,
                                     &#x27;django.template.context_processors.request&#x27;,
                                     &#x27;django.contrib.auth.context_processors.auth&#x27;,
                                     &#x27;django.contrib.messages.context_processors.messages&#x27;]}}]</pre></td>
        </tr>
      
        <tr>
          <td>TEST_NON_SERIALIZED_APPS</td>
          <td class="code"><pre>[]</pre></td>
        </tr>
      
        <tr>
          <td>TEST_RUNNER</td>
          <td class="code"><pre>&#x27;django.test.runner.DiscoverRunner&#x27;</pre></td>
        </tr>
      
        <tr>
          <td>THOUSAND_SEPARATOR</td>
          <td class="code"><pre>&#x27;,&#x27;</pre></td>
        </tr>
      
        <tr>
          <td>TIME_FORMAT</td>
          <td class="code"><pre>&#x27;P&#x27;</pre></td>
        </tr>
      
        <tr>
          <td>TIME_INPUT_FORMATS</td>
          <td class="code"><pre>[&#x27;%H:%M:%S&#x27;, &#x27;%H:%M:%S.%f&#x27;, &#x27;%H:%M&#x27;]</pre></td>
        </tr>
      
        <tr>
          <td>TIME_ZONE</td>
          <td class="code"><pre>&#x27;UTC&#x27;</pre></td>
        </tr>
      
        <tr>
          <td>USE_I18N</td>
          <td class="code"><pre>True</pre></td>
        </tr>
      
        <tr>
          <td>USE_L10N</td>
          <td class="code"><pre>True</pre></td>
        </tr>
      
        <tr>
          <td>USE_THOUSAND_SEPARATOR</td>
          <td class="code"><pre>False</pre></td>
        </tr>
      
        <tr>
          <td>USE_TZ</td>
          <td class="code"><pre>True</pre></td>
        </tr>
      
        <tr>
          <td>USE_X_FORWARDED_HOST</td>
          <td class="code"><pre>False</pre></td>
        </tr>
      
        <tr>
          <td>USE_X_FORWARDED_PORT</td>
          <td class="code"><pre>False</pre></td>
        </tr>
      
        <tr>
          <td>WSGI_APPLICATION</td>
          <td class="code"><pre>&#x27;myapp.wsgi.application&#x27;</pre></td>
        </tr>
      
        <tr>
          <td>X_FRAME_OPTIONS</td>
          <td class="code"><pre>&#x27;DENY&#x27;</pre></td>
        </tr>
      
        <tr>
          <td>YEAR_MONTH_FORMAT</td>
          <td class="code"><pre>&#x27;F Y&#x27;</pre></td>
        </tr>
      
    </tbody>
  </table>

</div>

  <div id="explanation">
    <p>
      You’re seeing this error because you have <code>DEBUG = True</code> in your
      Django settings file. Change that to <code>False</code>, and Django will
      display a standard page generated by the handler for this status code.
    </p>
  </div>

</body>
</html>
igor@ubuntu-server:~/geekbrains/practice/2.docker/python-django$ docker logs 6bd5872d22a1
Watching for file changes with StatReloader
Invalid HTTP_HOST header: '0.0.0.0'. You may need to add '0.0.0.0' to ALLOWED_HOSTS.
Bad Request: /
[24/Mar/2022 15:32:35] "GET / HTTP/1.1" 400 58203
igor@ubuntu-server:~/geekbrains/practice/2.docker/python-django$ docker exec -t -i 6bd5872d22a1 bash
root@6bd5872d22a1:/# ls
app  bin  boot	dev  etc  home	lib  lib64  media  mnt	opt  proc  root  run  sbin  srv  sys  tmp  usr	var
root@6bd5872d22a1:/# cd app
root@6bd5872d22a1:/app# ls
Dockerfile  db.sqlite3	manage.py  myapp
root@6bd5872d22a1:/app# cd myapp
root@6bd5872d22a1:/app/myapp# ls
__init__.py  __pycache__  settings.py  urls.py	wsgi.py
root@6bd5872d22a1:/app/myapp# vi settings.py
bash: vi: command not found
root@6bd5872d22a1:/app/myapp# nano settings.py
bash: nano: command not found
root@6bd5872d22a1:/app/myapp# exit
exit
igor@ubuntu-server:~/geekbrains/practice/2.docker/python-django$ ls
Dockerfile  manage.py  myapp
igor@ubuntu-server:~/geekbrains/practice/2.docker/python-django$ cd myapp
igor@ubuntu-server:~/geekbrains/practice/2.docker/python-django/myapp$ ls
__init__.py  settings.py  urls.py  wsgi.py
igor@ubuntu-server:~/geekbrains/practice/2.docker/python-django/myapp$ vi settings.py
igor@ubuntu-server:~/geekbrains/practice/2.docker/python-django/myapp$ vi settings.py
igor@ubuntu-server:~/geekbrains/practice/2.docker/python-django/myapp$ cd ..
igor@ubuntu-server:~/geekbrains/practice/2.docker/python-django$ vi Dockerfile
igor@ubuntu-server:~/geekbrains/practice/2.docker/python-django$ docker container stop 6bd5872d22a1
6bd5872d22a1
igor@ubuntu-server:~/geekbrains/practice/2.docker/python-django$ docker container rm 6bd5872d22a1
6bd5872d22a1
igor@ubuntu-server:~/geekbrains/practice/2.docker/python-django$ docker ps -a
CONTAINER ID   IMAGE                                 COMMAND                  CREATED        STATUS                      PORTS     NAMES
3041bc99fb37   gcr.io/k8s-minikube/kicbase:v0.0.27   "/usr/local/bin/entr…"   4 months ago   Exited (130) 4 months ago             minikube
0a4bdf412265   hello-world                           "/hello"                 4 months ago   Exited (0) 4 months ago               happy_brahmagupta
igor@ubuntu-server:~/geekbrains/practice/2.docker/python-django$ docker build -t my-first-image .
Sending build context to Docker daemon  11.26kB
Step 1/6 : FROM python:3.9
 ---> 47abcf270bef
Step 2/6 : RUN pip install Django==3.2
 ---> Using cache
 ---> 5a5d0f1551a7
Step 3/6 : ADD . /app
 ---> 2a86e9d27540
Step 4/6 : EXPOSE 8000
 ---> Running in d7a3380f67e5
Removing intermediate container d7a3380f67e5
 ---> ced858f882cf
Step 5/6 : RUN apt update
 ---> Running in 75b3aa1c917d

WARNING: apt does not have a stable CLI interface. Use with caution in scripts.

Get:1 http://deb.debian.org/debian bullseye InRelease [116 kB]
Get:2 http://security.debian.org/debian-security bullseye-security InRelease [44.1 kB]
Get:3 http://deb.debian.org/debian bullseye-updates InRelease [39.4 kB]
Get:4 http://security.debian.org/debian-security bullseye-security/main amd64 Packages [122 kB]
Get:5 http://deb.debian.org/debian bullseye/main amd64 Packages [8183 kB]
Get:6 http://deb.debian.org/debian bullseye-updates/main amd64 Packages [2596 B]
Fetched 8507 kB in 2s (5159 kB/s)
Reading package lists...
Building dependency tree...
Reading state information...
All packages are up to date.
Removing intermediate container 75b3aa1c917d
 ---> cf4235f31b5b
Step 6/6 : ENTRYPOINT python /app/manage.py runserver 0.0.0.0:8000
 ---> Running in 1afbaabab1c1
Removing intermediate container 1afbaabab1c1
 ---> 26e85e62462f
Successfully built 26e85e62462f
Successfully tagged my-first-image:latest
igor@ubuntu-server:~/geekbrains/practice/2.docker/python-django$ docker image ls
REPOSITORY                    TAG       IMAGE ID       CREATED              SIZE
my-first-image                latest    26e85e62462f   About a minute ago   974MB
<none>                        <none>    7195fe0eefe0   54 minutes ago       956MB
python                        3.9       47abcf270bef   5 days ago           914MB
hello-world                   latest    feb5d9fea6a5   6 months ago         13.3kB
gcr.io/k8s-minikube/kicbase   v0.0.27   9fa1cc16ad6d   6 months ago         1.08GB
igor@ubuntu-server:~/geekbrains/practice/2.docker/python-django$ docker build -t my-first-image:latest .
Sending build context to Docker daemon  11.26kB
Step 1/6 : FROM python:3.9
 ---> 47abcf270bef
Step 2/6 : RUN pip install Django==3.2
 ---> Using cache
 ---> 5a5d0f1551a7
Step 3/6 : ADD . /app
 ---> Using cache
 ---> 2a86e9d27540
Step 4/6 : EXPOSE 8000
 ---> Using cache
 ---> ced858f882cf
Step 5/6 : RUN apt update
 ---> Using cache
 ---> cf4235f31b5b
Step 6/6 : ENTRYPOINT python /app/manage.py runserver 0.0.0.0:8000
 ---> Using cache
 ---> 26e85e62462f
Successfully built 26e85e62462f
Successfully tagged my-first-image:latest
igor@ubuntu-server:~/geekbrains/practice/2.docker/python-django$ docker image ls
REPOSITORY                    TAG       IMAGE ID       CREATED          SIZE
my-first-image                latest    26e85e62462f   5 minutes ago    974MB
<none>                        <none>    7195fe0eefe0   58 minutes ago   956MB
python                        3.9       47abcf270bef   6 days ago       914MB
hello-world                   latest    feb5d9fea6a5   6 months ago     13.3kB
gcr.io/k8s-minikube/kicbase   v0.0.27   9fa1cc16ad6d   6 months ago     1.08GB
igor@ubuntu-server:~/geekbrains/practice/2.docker/python-django$ docker tag 7195fe0eefe0 my-first-image:v1
igor@ubuntu-server:~/geekbrains/practice/2.docker/python-django$ docker image ls
REPOSITORY                    TAG       IMAGE ID       CREATED             SIZE
my-first-image                latest    26e85e62462f   8 minutes ago       974MB
my-first-image                v1        7195fe0eefe0   About an hour ago   956MB
python                        3.9       47abcf270bef   6 days ago          914MB
hello-world                   latest    feb5d9fea6a5   6 months ago        13.3kB
gcr.io/k8s-minikube/kicbase   v0.0.27   9fa1cc16ad6d   6 months ago        1.08GB
igor@ubuntu-server:~/geekbrains/practice/2.docker/python-django$ docker run -d -p 80:8000 my-first-image
56a6cf0b90ecced003e7233ed301e3bec03135ff6f3f449e43ca34f2341493fa
igor@ubuntu-server:~/geekbrains/practice/2.docker/python-django$ docker ps
CONTAINER ID   IMAGE     COMMAND   CREATED   STATUS    PORTS     NAMES
igor@ubuntu-server:~/geekbrains/practice/2.docker/python-django$ docker run -d -p 80:8000 26e85e62462f
e273cc18a91a59918a768263df9c504d99d9e6bc82583717941e5eb4c0fafd9b
igor@ubuntu-server:~/geekbrains/practice/2.docker/python-django$ docker ps
CONTAINER ID   IMAGE     COMMAND   CREATED   STATUS    PORTS     NAMES
igor@ubuntu-server:~/geekbrains/practice/2.docker/python-django$ docker run -d -p 80:8000 7195fe0eefe0
8ee1bb38397718e5affbe05f5cfb1d020064ef52da2cd290cba3349d62da32a2
igor@ubuntu-server:~/geekbrains/practice/2.docker/python-django$ docker ps
CONTAINER ID   IMAGE          COMMAND                  CREATED          STATUS          PORTS                                   NAMES
8ee1bb383977   7195fe0eefe0   "/bin/sh -c 'python …"   15 seconds ago   Up 15 seconds   0.0.0.0:80->8000/tcp, :::80->8000/tcp   wonderful_chatelet
igor@ubuntu-server:~/geekbrains/practice/2.docker/python-django$ curl 0.0.0.0:80
<!DOCTYPE html>
<html lang="en">
<head>
  <meta http-equiv="content-type" content="text/html; charset=utf-8">
  <meta name="robots" content="NONE,NOARCHIVE">
  <title>DisallowedHost
          at /</title>
  <style type="text/css">
    html * { padding:0; margin:0; }
    body * { padding:10px 20px; }
    body * * { padding:0; }
    body { font:small sans-serif; background-color:#fff; color:#000; }
    body>div { border-bottom:1px solid #ddd; }
    h1 { font-weight:normal; }
    h2 { margin-bottom:.8em; }
    h3 { margin:1em 0 .5em 0; }
    h4 { margin:0 0 .5em 0; font-weight: normal; }
    code, pre { font-size: 100%; white-space: pre-wrap; }
    table { border:1px solid #ccc; border-collapse: collapse; width:100%; background:white; }
    tbody td, tbody th { vertical-align:top; padding:2px 3px; }
    thead th {
      padding:1px 6px 1px 3px; background:#fefefe; text-align:left;
      font-weight:normal; font-size:11px; border:1px solid #ddd;
    }
    tbody th { width:12em; text-align:right; color:#666; padding-right:.5em; }
    table.vars { margin:5px 0 2px 40px; }
    table.vars td, table.req td { font-family:monospace; }
    table td.code { width:100%; }
    table td.code pre { overflow:hidden; }
    table.source th { color:#666; }
    table.source td { font-family:monospace; white-space:pre; border-bottom:1px solid #eee; }
    ul.traceback { list-style-type:none; color: #222; }
    ul.traceback li.frame { padding-bottom:1em; color:#4f4f4f; }
    ul.traceback li.user { background-color:#e0e0e0; color:#000 }
    div.context { padding:10px 0; overflow:hidden; }
    div.context ol { padding-left:30px; margin:0 10px; list-style-position: inside; }
    div.context ol li { font-family:monospace; white-space:pre; color:#777; cursor:pointer; padding-left: 2px; }
    div.context ol li pre { display:inline; }
    div.context ol.context-line li { color:#464646; background-color:#dfdfdf; padding: 3px 2px; }
    div.context ol.context-line li span { position:absolute; right:32px; }
    .user div.context ol.context-line li { background-color:#bbb; color:#000; }
    .user div.context ol li { color:#666; }
    div.commands { margin-left: 40px; }
    div.commands a { color:#555; text-decoration:none; }
    .user div.commands a { color: black; }
    #summary { background: #ffc; }
    #summary h2 { font-weight: normal; color: #666; }
    #explanation { background:#eee; }
    #template, #template-not-exist { background:#f6f6f6; }
    #template-not-exist ul { margin: 0 0 10px 20px; }
    #template-not-exist .postmortem-section { margin-bottom: 3px; }
    #unicode-hint { background:#eee; }
    #traceback { background:#eee; }
    #requestinfo { background:#f6f6f6; padding-left:120px; }
    #summary table { border:none; background:transparent; }
    #requestinfo h2, #requestinfo h3 { position:relative; margin-left:-100px; }
    #requestinfo h3 { margin-bottom:-1em; }
    .error { background: #ffc; }
    .specific { color:#cc3300; font-weight:bold; }
    h2 span.commands { font-size:.7em; font-weight:normal; }
    span.commands a:link {color:#5E5694;}
    pre.exception_value { font-family: sans-serif; color: #575757; font-size: 1.5em; margin: 10px 0 10px 0; }
    .append-bottom { margin-bottom: 10px; }
    .fname { user-select: all; }
  </style>
  
  <script>
    function hideAll(elems) {
      for (var e = 0; e < elems.length; e++) {
        elems[e].style.display = 'none';
      }
    }
    window.onload = function() {
      hideAll(document.querySelectorAll('table.vars'));
      hideAll(document.querySelectorAll('ol.pre-context'));
      hideAll(document.querySelectorAll('ol.post-context'));
      hideAll(document.querySelectorAll('div.pastebin'));
    }
    function toggle() {
      for (var i = 0; i < arguments.length; i++) {
        var e = document.getElementById(arguments[i]);
        if (e) {
          e.style.display = e.style.display == 'none' ? 'block': 'none';
        }
      }
      return false;
    }
    function varToggle(link, id) {
      toggle('v' + id);
      var s = link.getElementsByTagName('span')[0];
      var uarr = String.fromCharCode(0x25b6);
      var darr = String.fromCharCode(0x25bc);
      s.textContent = s.textContent == uarr ? darr : uarr;
      return false;
    }
    function switchPastebinFriendly(link) {
      s1 = "Switch to copy-and-paste view";
      s2 = "Switch back to interactive view";
      link.textContent = link.textContent.trim() == s1 ? s2: s1;
      toggle('browserTraceback', 'pastebinTraceback');
      return false;
    }
  </script>
  
</head>
<body>
<div id="summary">
  <h1>DisallowedHost
       at /</h1>
  <pre class="exception_value">Invalid HTTP_HOST header: &#x27;0.0.0.0&#x27;. You may need to add &#x27;0.0.0.0&#x27; to ALLOWED_HOSTS.</pre>
  <table class="meta">

    <tr>
      <th>Request Method:</th>
      <td>GET</td>
    </tr>
    <tr>
      <th>Request URL:</th>
      <td>http://0.0.0.0/</td>
    </tr>

    <tr>
      <th>Django Version:</th>
      <td>3.2</td>
    </tr>

    <tr>
      <th>Exception Type:</th>
      <td>DisallowedHost</td>
    </tr>


    <tr>
      <th>Exception Value:</th>
      <td><pre>Invalid HTTP_HOST header: &#x27;0.0.0.0&#x27;. You may need to add &#x27;0.0.0.0&#x27; to ALLOWED_HOSTS.</pre></td>
    </tr>


    <tr>
      <th>Exception Location:</th>
      <td><span class="fname">/usr/local/lib/python3.9/site-packages/django/http/request.py</span>, line 149, in get_host</td>
    </tr>

    <tr>
      <th>Python Executable:</th>
      <td>/usr/local/bin/python</td>
    </tr>
    <tr>
      <th>Python Version:</th>
      <td>3.9.11</td>
    </tr>
    <tr>
      <th>Python Path:</th>
      <td><pre>[&#x27;/app&#x27;,
 &#x27;/usr/local/lib/python39.zip&#x27;,
 &#x27;/usr/local/lib/python3.9&#x27;,
 &#x27;/usr/local/lib/python3.9/lib-dynload&#x27;,
 &#x27;/usr/local/lib/python3.9/site-packages&#x27;]</pre></td>
    </tr>
    <tr>
      <th>Server time:</th>
      <td>Thu, 24 Mar 2022 16:29:42 +0000</td>
    </tr>
  </table>
</div>




<div id="traceback">
  <h2>Traceback <span class="commands"><a href="#" onclick="return switchPastebinFriendly(this);">
    Switch to copy-and-paste view</a></span>
  </h2>
  <div id="browserTraceback">
    <ul class="traceback">
      
        
        <li class="frame django">
          
            <code class="fname">/usr/local/lib/python3.9/site-packages/django/core/handlers/exception.py</code>, line 47, in inner
          

          
            <div class="context" id="c139737367176640">
              
                <ol start="40" class="pre-context" id="pre139737367176640">
                
                  <li onclick="toggle('pre139737367176640', 'post139737367176640')"><pre>                response = await sync_to_async(response_for_exception, thread_sensitive=False)(request, exc)</pre></li>
                
                  <li onclick="toggle('pre139737367176640', 'post139737367176640')"><pre>            return response</pre></li>
                
                  <li onclick="toggle('pre139737367176640', 'post139737367176640')"><pre>        return inner</pre></li>
                
                  <li onclick="toggle('pre139737367176640', 'post139737367176640')"><pre>    else:</pre></li>
                
                  <li onclick="toggle('pre139737367176640', 'post139737367176640')"><pre>        @wraps(get_response)</pre></li>
                
                  <li onclick="toggle('pre139737367176640', 'post139737367176640')"><pre>        def inner(request):</pre></li>
                
                  <li onclick="toggle('pre139737367176640', 'post139737367176640')"><pre>            try:</pre></li>
                
                </ol>
              
              <ol start="47" class="context-line">
                <li onclick="toggle('pre139737367176640', 'post139737367176640')"><pre>                response = get_response(request)</pre> <span>…</span></li>
              </ol>
              
                <ol start='48' class="post-context" id="post139737367176640">
                  
                  <li onclick="toggle('pre139737367176640', 'post139737367176640')"><pre>            except Exception as exc:</pre></li>
                  
                  <li onclick="toggle('pre139737367176640', 'post139737367176640')"><pre>                response = response_for_exception(request, exc)</pre></li>
                  
                  <li onclick="toggle('pre139737367176640', 'post139737367176640')"><pre>            return response</pre></li>
                  
                  <li onclick="toggle('pre139737367176640', 'post139737367176640')"><pre>        return inner</pre></li>
                  
                  <li onclick="toggle('pre139737367176640', 'post139737367176640')"><pre></pre></li>
                  
                  <li onclick="toggle('pre139737367176640', 'post139737367176640')"><pre></pre></li>
                  
              </ol>
              
            </div>
          

          
            <div class="commands">
                
                    <a href="#" onclick="return varToggle(this, '139737367176640')"><span>&#x25b6;</span> Local vars</a>
                
            </div>
            <table class="vars" id="v139737367176640">
              <thead>
                <tr>
                  <th>Variable</th>
                  <th>Value</th>
                </tr>
              </thead>
              <tbody>
                
                  <tr>
                    <td>exc</td>
                    <td class="code"><pre>DisallowedHost(&quot;Invalid HTTP_HOST header: &#x27;0.0.0.0&#x27;. You may need to add &#x27;0.0.0.0&#x27; to ALLOWED_HOSTS.&quot;)</pre></td>
                  </tr>
                
                  <tr>
                    <td>get_response</td>
                    <td class="code"><pre>&lt;django.middleware.common.CommonMiddleware object at 0x7f17242fe8b0&gt;</pre></td>
                  </tr>
                
                  <tr>
                    <td>request</td>
                    <td class="code"><pre>&lt;WSGIRequest: GET &#x27;/&#x27;&gt;</pre></td>
                  </tr>
                
              </tbody>
            </table>
          
        </li>
      
        
        <li class="frame django">
          
            <code class="fname">/usr/local/lib/python3.9/site-packages/django/utils/deprecation.py</code>, line 116, in __call__
          

          
            <div class="context" id="c139737367657088">
              
                <ol start="109" class="pre-context" id="pre139737367657088">
                
                  <li onclick="toggle('pre139737367657088', 'post139737367657088')"><pre></pre></li>
                
                  <li onclick="toggle('pre139737367657088', 'post139737367657088')"><pre>    def __call__(self, request):</pre></li>
                
                  <li onclick="toggle('pre139737367657088', 'post139737367657088')"><pre>        # Exit out to async mode, if needed</pre></li>
                
                  <li onclick="toggle('pre139737367657088', 'post139737367657088')"><pre>        if asyncio.iscoroutinefunction(self.get_response):</pre></li>
                
                  <li onclick="toggle('pre139737367657088', 'post139737367657088')"><pre>            return self.__acall__(request)</pre></li>
                
                  <li onclick="toggle('pre139737367657088', 'post139737367657088')"><pre>        response = None</pre></li>
                
                  <li onclick="toggle('pre139737367657088', 'post139737367657088')"><pre>        if hasattr(self, &#x27;process_request&#x27;):</pre></li>
                
                </ol>
              
              <ol start="116" class="context-line">
                <li onclick="toggle('pre139737367657088', 'post139737367657088')"><pre>            response = self.process_request(request)</pre> <span>…</span></li>
              </ol>
              
                <ol start='117' class="post-context" id="post139737367657088">
                  
                  <li onclick="toggle('pre139737367657088', 'post139737367657088')"><pre>        response = response or self.get_response(request)</pre></li>
                  
                  <li onclick="toggle('pre139737367657088', 'post139737367657088')"><pre>        if hasattr(self, &#x27;process_response&#x27;):</pre></li>
                  
                  <li onclick="toggle('pre139737367657088', 'post139737367657088')"><pre>            response = self.process_response(request, response)</pre></li>
                  
                  <li onclick="toggle('pre139737367657088', 'post139737367657088')"><pre>        return response</pre></li>
                  
                  <li onclick="toggle('pre139737367657088', 'post139737367657088')"><pre></pre></li>
                  
                  <li onclick="toggle('pre139737367657088', 'post139737367657088')"><pre>    async def __acall__(self, request):</pre></li>
                  
              </ol>
              
            </div>
          

          
            <div class="commands">
                
                    <a href="#" onclick="return varToggle(this, '139737367657088')"><span>&#x25b6;</span> Local vars</a>
                
            </div>
            <table class="vars" id="v139737367657088">
              <thead>
                <tr>
                  <th>Variable</th>
                  <th>Value</th>
                </tr>
              </thead>
              <tbody>
                
                  <tr>
                    <td>request</td>
                    <td class="code"><pre>&lt;WSGIRequest: GET &#x27;/&#x27;&gt;</pre></td>
                  </tr>
                
                  <tr>
                    <td>response</td>
                    <td class="code"><pre>None</pre></td>
                  </tr>
                
                  <tr>
                    <td>self</td>
                    <td class="code"><pre>&lt;django.middleware.common.CommonMiddleware object at 0x7f17242fe8b0&gt;</pre></td>
                  </tr>
                
              </tbody>
            </table>
          
        </li>
      
        
        <li class="frame django">
          
            <code class="fname">/usr/local/lib/python3.9/site-packages/django/middleware/common.py</code>, line 48, in process_request
          

          
            <div class="context" id="c139737367656768">
              
                <ol start="41" class="pre-context" id="pre139737367656768">
                
                  <li onclick="toggle('pre139737367656768', 'post139737367656768')"><pre>        user_agent = request.META.get(&#x27;HTTP_USER_AGENT&#x27;)</pre></li>
                
                  <li onclick="toggle('pre139737367656768', 'post139737367656768')"><pre>        if user_agent is not None:</pre></li>
                
                  <li onclick="toggle('pre139737367656768', 'post139737367656768')"><pre>            for user_agent_regex in settings.DISALLOWED_USER_AGENTS:</pre></li>
                
                  <li onclick="toggle('pre139737367656768', 'post139737367656768')"><pre>                if user_agent_regex.search(user_agent):</pre></li>
                
                  <li onclick="toggle('pre139737367656768', 'post139737367656768')"><pre>                    raise PermissionDenied(&#x27;Forbidden user agent&#x27;)</pre></li>
                
                  <li onclick="toggle('pre139737367656768', 'post139737367656768')"><pre></pre></li>
                
                  <li onclick="toggle('pre139737367656768', 'post139737367656768')"><pre>        # Check for a redirect based on settings.PREPEND_WWW</pre></li>
                
                </ol>
              
              <ol start="48" class="context-line">
                <li onclick="toggle('pre139737367656768', 'post139737367656768')"><pre>        host = request.get_host()</pre> <span>…</span></li>
              </ol>
              
                <ol start='49' class="post-context" id="post139737367656768">
                  
                  <li onclick="toggle('pre139737367656768', 'post139737367656768')"><pre>        must_prepend = settings.PREPEND_WWW and host and not host.startswith(&#x27;www.&#x27;)</pre></li>
                  
                  <li onclick="toggle('pre139737367656768', 'post139737367656768')"><pre>        redirect_url = (&#x27;%s://www.%s&#x27; % (request.scheme, host)) if must_prepend else &#x27;&#x27;</pre></li>
                  
                  <li onclick="toggle('pre139737367656768', 'post139737367656768')"><pre></pre></li>
                  
                  <li onclick="toggle('pre139737367656768', 'post139737367656768')"><pre>        # Check if a slash should be appended</pre></li>
                  
                  <li onclick="toggle('pre139737367656768', 'post139737367656768')"><pre>        if self.should_redirect_with_slash(request):</pre></li>
                  
                  <li onclick="toggle('pre139737367656768', 'post139737367656768')"><pre>            path = self.get_full_path_with_slash(request)</pre></li>
                  
              </ol>
              
            </div>
          

          
            <div class="commands">
                
                    <a href="#" onclick="return varToggle(this, '139737367656768')"><span>&#x25b6;</span> Local vars</a>
                
            </div>
            <table class="vars" id="v139737367656768">
              <thead>
                <tr>
                  <th>Variable</th>
                  <th>Value</th>
                </tr>
              </thead>
              <tbody>
                
                  <tr>
                    <td>request</td>
                    <td class="code"><pre>&lt;WSGIRequest: GET &#x27;/&#x27;&gt;</pre></td>
                  </tr>
                
                  <tr>
                    <td>self</td>
                    <td class="code"><pre>&lt;django.middleware.common.CommonMiddleware object at 0x7f17242fe8b0&gt;</pre></td>
                  </tr>
                
                  <tr>
                    <td>user_agent</td>
                    <td class="code"><pre>&#x27;curl/7.68.0&#x27;</pre></td>
                  </tr>
                
              </tbody>
            </table>
          
        </li>
      
        
        <li class="frame django">
          
            <code class="fname">/usr/local/lib/python3.9/site-packages/django/http/request.py</code>, line 149, in get_host
          

          
            <div class="context" id="c139737367656320">
              
                <ol start="142" class="pre-context" id="pre139737367656320">
                
                  <li onclick="toggle('pre139737367656320', 'post139737367656320')"><pre>            return host</pre></li>
                
                  <li onclick="toggle('pre139737367656320', 'post139737367656320')"><pre>        else:</pre></li>
                
                  <li onclick="toggle('pre139737367656320', 'post139737367656320')"><pre>            msg = &quot;Invalid HTTP_HOST header: %r.&quot; % host</pre></li>
                
                  <li onclick="toggle('pre139737367656320', 'post139737367656320')"><pre>            if domain:</pre></li>
                
                  <li onclick="toggle('pre139737367656320', 'post139737367656320')"><pre>                msg += &quot; You may need to add %r to ALLOWED_HOSTS.&quot; % domain</pre></li>
                
                  <li onclick="toggle('pre139737367656320', 'post139737367656320')"><pre>            else:</pre></li>
                
                  <li onclick="toggle('pre139737367656320', 'post139737367656320')"><pre>                msg += &quot; The domain name provided is not valid according to RFC 1034/1035.&quot;</pre></li>
                
                </ol>
              
              <ol start="149" class="context-line">
                <li onclick="toggle('pre139737367656320', 'post139737367656320')"><pre>            raise DisallowedHost(msg)</pre> <span>…</span></li>
              </ol>
              
                <ol start='150' class="post-context" id="post139737367656320">
                  
                  <li onclick="toggle('pre139737367656320', 'post139737367656320')"><pre></pre></li>
                  
                  <li onclick="toggle('pre139737367656320', 'post139737367656320')"><pre>    def get_port(self):</pre></li>
                  
                  <li onclick="toggle('pre139737367656320', 'post139737367656320')"><pre>        &quot;&quot;&quot;Return the port number for the request as a string.&quot;&quot;&quot;</pre></li>
                  
                  <li onclick="toggle('pre139737367656320', 'post139737367656320')"><pre>        if settings.USE_X_FORWARDED_PORT and &#x27;HTTP_X_FORWARDED_PORT&#x27; in self.META:</pre></li>
                  
                  <li onclick="toggle('pre139737367656320', 'post139737367656320')"><pre>            port = self.META[&#x27;HTTP_X_FORWARDED_PORT&#x27;]</pre></li>
                  
                  <li onclick="toggle('pre139737367656320', 'post139737367656320')"><pre>        else:</pre></li>
                  
              </ol>
              
            </div>
          

          
            <div class="commands">
                
                    <a href="#" onclick="return varToggle(this, '139737367656320')"><span>&#x25b6;</span> Local vars</a>
                
            </div>
            <table class="vars" id="v139737367656320">
              <thead>
                <tr>
                  <th>Variable</th>
                  <th>Value</th>
                </tr>
              </thead>
              <tbody>
                
                  <tr>
                    <td>allowed_hosts</td>
                    <td class="code"><pre>[&#x27;.localhost&#x27;, &#x27;127.0.0.1&#x27;, &#x27;[::1]&#x27;]</pre></td>
                  </tr>
                
                  <tr>
                    <td>domain</td>
                    <td class="code"><pre>&#x27;0.0.0.0&#x27;</pre></td>
                  </tr>
                
                  <tr>
                    <td>host</td>
                    <td class="code"><pre>&#x27;0.0.0.0&#x27;</pre></td>
                  </tr>
                
                  <tr>
                    <td>msg</td>
                    <td class="code"><pre>(&quot;Invalid HTTP_HOST header: &#x27;0.0.0.0&#x27;. You may need to add &#x27;0.0.0.0&#x27; to &quot;
 &#x27;ALLOWED_HOSTS.&#x27;)</pre></td>
                  </tr>
                
                  <tr>
                    <td>port</td>
                    <td class="code"><pre>&#x27;&#x27;</pre></td>
                  </tr>
                
                  <tr>
                    <td>self</td>
                    <td class="code"><pre>&lt;WSGIRequest: GET &#x27;/&#x27;&gt;</pre></td>
                  </tr>
                
              </tbody>
            </table>
          
        </li>
      
    </ul>
  </div>
  <form action="https://dpaste.com/" name="pasteform" id="pasteform" method="post">

  <div id="pastebinTraceback" class="pastebin">
    <input type="hidden" name="language" value="PythonConsole">
    <input type="hidden" name="title"
      value="DisallowedHost at /">
    <input type="hidden" name="source" value="Django Dpaste Agent">
    <input type="hidden" name="poster" value="Django">
    <textarea name="content" id="traceback_area" cols="140" rows="25">
Environment:


Request Method: GET
Request URL: http://0.0.0.0/

Django Version: 3.2
Python Version: 3.9.11
Installed Applications:
[&#x27;django.contrib.admin&#x27;,
 &#x27;django.contrib.auth&#x27;,
 &#x27;django.contrib.contenttypes&#x27;,
 &#x27;django.contrib.sessions&#x27;,
 &#x27;django.contrib.messages&#x27;,
 &#x27;django.contrib.staticfiles&#x27;]
Installed Middleware:
[&#x27;django.middleware.security.SecurityMiddleware&#x27;,
 &#x27;django.contrib.sessions.middleware.SessionMiddleware&#x27;,
 &#x27;django.middleware.common.CommonMiddleware&#x27;,
 &#x27;django.middleware.csrf.CsrfViewMiddleware&#x27;,
 &#x27;django.contrib.auth.middleware.AuthenticationMiddleware&#x27;,
 &#x27;django.contrib.messages.middleware.MessageMiddleware&#x27;,
 &#x27;django.middleware.clickjacking.XFrameOptionsMiddleware&#x27;]



Traceback (most recent call last):
  File "/usr/local/lib/python3.9/site-packages/django/core/handlers/exception.py", line 47, in inner
    response = get_response(request)
  File "/usr/local/lib/python3.9/site-packages/django/utils/deprecation.py", line 116, in __call__
    response = self.process_request(request)
  File "/usr/local/lib/python3.9/site-packages/django/middleware/common.py", line 48, in process_request
    host = request.get_host()
  File "/usr/local/lib/python3.9/site-packages/django/http/request.py", line 149, in get_host
    raise DisallowedHost(msg)

Exception Type: DisallowedHost at /
Exception Value: Invalid HTTP_HOST header: &#x27;0.0.0.0&#x27;. You may need to add &#x27;0.0.0.0&#x27; to ALLOWED_HOSTS.
</textarea>
  <br><br>
  <input type="submit" value="Share this traceback on a public website">
  </div>
</form>
</div>



<div id="requestinfo">
  <h2>Request information</h2>


  
    <h3 id="user-info">USER</h3>
    <p>[unable to retrieve the current user]</p>
  

  <h3 id="get-info">GET</h3>
  
    <p>No GET data</p>
  

  <h3 id="post-info">POST</h3>
  
    <p>No POST data</p>
  
  <h3 id="files-info">FILES</h3>
  
    <p>No FILES data</p>
  


  <h3 id="cookie-info">COOKIES</h3>
  
    <p>No cookie data</p>
  

  <h3 id="meta-info">META</h3>
  <table class="req">
    <thead>
      <tr>
        <th>Variable</th>
        <th>Value</th>
      </tr>
    </thead>
    <tbody>
      
        <tr>
          <td>CONTENT_LENGTH</td>
          <td class="code"><pre>&#x27;&#x27;</pre></td>
        </tr>
      
        <tr>
          <td>CONTENT_TYPE</td>
          <td class="code"><pre>&#x27;text/plain&#x27;</pre></td>
        </tr>
      
        <tr>
          <td>DJANGO_SETTINGS_MODULE</td>
          <td class="code"><pre>&#x27;myapp.settings&#x27;</pre></td>
        </tr>
      
        <tr>
          <td>GATEWAY_INTERFACE</td>
          <td class="code"><pre>&#x27;CGI/1.1&#x27;</pre></td>
        </tr>
      
        <tr>
          <td>GPG_KEY</td>
          <td class="code"><pre>&#x27;********************&#x27;</pre></td>
        </tr>
      
        <tr>
          <td>HOME</td>
          <td class="code"><pre>&#x27;/root&#x27;</pre></td>
        </tr>
      
        <tr>
          <td>HOSTNAME</td>
          <td class="code"><pre>&#x27;8ee1bb383977&#x27;</pre></td>
        </tr>
      
        <tr>
          <td>HTTP_ACCEPT</td>
          <td class="code"><pre>&#x27;*/*&#x27;</pre></td>
        </tr>
      
        <tr>
          <td>HTTP_HOST</td>
          <td class="code"><pre>&#x27;0.0.0.0&#x27;</pre></td>
        </tr>
      
        <tr>
          <td>HTTP_USER_AGENT</td>
          <td class="code"><pre>&#x27;curl/7.68.0&#x27;</pre></td>
        </tr>
      
        <tr>
          <td>LANG</td>
          <td class="code"><pre>&#x27;C.UTF-8&#x27;</pre></td>
        </tr>
      
        <tr>
          <td>PATH</td>
          <td class="code"><pre>&#x27;/usr/local/bin:/usr/local/sbin:/usr/local/bin:/usr/sbin:/usr/bin:/sbin:/bin&#x27;</pre></td>
        </tr>
      
        <tr>
          <td>PATH_INFO</td>
          <td class="code"><pre>&#x27;/&#x27;</pre></td>
        </tr>
      
        <tr>
          <td>PWD</td>
          <td class="code"><pre>&#x27;/&#x27;</pre></td>
        </tr>
      
        <tr>
          <td>PYTHON_GET_PIP_SHA256</td>
          <td class="code"><pre>&#x27;e235c437e5c7d7524fbce3880ca39b917a73dc565e0c813465b7a7a329bb279a&#x27;</pre></td>
        </tr>
      
        <tr>
          <td>PYTHON_GET_PIP_URL</td>
          <td class="code"><pre>&#x27;https://github.com/pypa/get-pip/raw/38e54e5de07c66e875c11a1ebbdb938854625dd8/public/get-pip.py&#x27;</pre></td>
        </tr>
      
        <tr>
          <td>PYTHON_PIP_VERSION</td>
          <td class="code"><pre>&#x27;22.0.4&#x27;</pre></td>
        </tr>
      
        <tr>
          <td>PYTHON_SETUPTOOLS_VERSION</td>
          <td class="code"><pre>&#x27;58.1.0&#x27;</pre></td>
        </tr>
      
        <tr>
          <td>PYTHON_VERSION</td>
          <td class="code"><pre>&#x27;3.9.11&#x27;</pre></td>
        </tr>
      
        <tr>
          <td>QUERY_STRING</td>
          <td class="code"><pre>&#x27;&#x27;</pre></td>
        </tr>
      
        <tr>
          <td>REMOTE_ADDR</td>
          <td class="code"><pre>&#x27;172.17.0.1&#x27;</pre></td>
        </tr>
      
        <tr>
          <td>REMOTE_HOST</td>
          <td class="code"><pre>&#x27;&#x27;</pre></td>
        </tr>
      
        <tr>
          <td>REQUEST_METHOD</td>
          <td class="code"><pre>&#x27;GET&#x27;</pre></td>
        </tr>
      
        <tr>
          <td>RUN_MAIN</td>
          <td class="code"><pre>&#x27;true&#x27;</pre></td>
        </tr>
      
        <tr>
          <td>SCRIPT_NAME</td>
          <td class="code"><pre>&#x27;&#x27;</pre></td>
        </tr>
      
        <tr>
          <td>SERVER_NAME</td>
          <td class="code"><pre>&#x27;8ee1bb383977&#x27;</pre></td>
        </tr>
      
        <tr>
          <td>SERVER_PORT</td>
          <td class="code"><pre>&#x27;8000&#x27;</pre></td>
        </tr>
      
        <tr>
          <td>SERVER_PROTOCOL</td>
          <td class="code"><pre>&#x27;HTTP/1.1&#x27;</pre></td>
        </tr>
      
        <tr>
          <td>SERVER_SOFTWARE</td>
          <td class="code"><pre>&#x27;WSGIServer/0.2&#x27;</pre></td>
        </tr>
      
        <tr>
          <td>TZ</td>
          <td class="code"><pre>&#x27;UTC&#x27;</pre></td>
        </tr>
      
        <tr>
          <td>wsgi.errors</td>
          <td class="code"><pre>&lt;_io.TextIOWrapper name=&#x27;&lt;stderr&gt;&#x27; mode=&#x27;w&#x27; encoding=&#x27;utf-8&#x27;&gt;</pre></td>
        </tr>
      
        <tr>
          <td>wsgi.file_wrapper</td>
          <td class="code"><pre>&lt;class &#x27;wsgiref.util.FileWrapper&#x27;&gt;</pre></td>
        </tr>
      
        <tr>
          <td>wsgi.input</td>
          <td class="code"><pre>&lt;django.core.handlers.wsgi.LimitedStream object at 0x7f1724274fd0&gt;</pre></td>
        </tr>
      
        <tr>
          <td>wsgi.multiprocess</td>
          <td class="code"><pre>False</pre></td>
        </tr>
      
        <tr>
          <td>wsgi.multithread</td>
          <td class="code"><pre>True</pre></td>
        </tr>
      
        <tr>
          <td>wsgi.run_once</td>
          <td class="code"><pre>False</pre></td>
        </tr>
      
        <tr>
          <td>wsgi.url_scheme</td>
          <td class="code"><pre>&#x27;http&#x27;</pre></td>
        </tr>
      
        <tr>
          <td>wsgi.version</td>
          <td class="code"><pre>(1, 0)</pre></td>
        </tr>
      
    </tbody>
  </table>


  <h3 id="settings-info">Settings</h3>
  <h4>Using settings module <code>myapp.settings</code></h4>
  <table class="req">
    <thead>
      <tr>
        <th>Setting</th>
        <th>Value</th>
      </tr>
    </thead>
    <tbody>
      
        <tr>
          <td>ABSOLUTE_URL_OVERRIDES</td>
          <td class="code"><pre>{}</pre></td>
        </tr>
      
        <tr>
          <td>ADMINS</td>
          <td class="code"><pre>[]</pre></td>
        </tr>
      
        <tr>
          <td>ALLOWED_HOSTS</td>
          <td class="code"><pre>[]</pre></td>
        </tr>
      
        <tr>
          <td>APPEND_SLASH</td>
          <td class="code"><pre>True</pre></td>
        </tr>
      
        <tr>
          <td>AUTHENTICATION_BACKENDS</td>
          <td class="code"><pre>[&#x27;django.contrib.auth.backends.ModelBackend&#x27;]</pre></td>
        </tr>
      
        <tr>
          <td>AUTH_PASSWORD_VALIDATORS</td>
          <td class="code"><pre>&#x27;********************&#x27;</pre></td>
        </tr>
      
        <tr>
          <td>AUTH_USER_MODEL</td>
          <td class="code"><pre>&#x27;auth.User&#x27;</pre></td>
        </tr>
      
        <tr>
          <td>BASE_DIR</td>
          <td class="code"><pre>&#x27;/app&#x27;</pre></td>
        </tr>
      
        <tr>
          <td>CACHES</td>
          <td class="code"><pre>{&#x27;default&#x27;: {&#x27;BACKEND&#x27;: &#x27;django.core.cache.backends.locmem.LocMemCache&#x27;}}</pre></td>
        </tr>
      
        <tr>
          <td>CACHE_MIDDLEWARE_ALIAS</td>
          <td class="code"><pre>&#x27;default&#x27;</pre></td>
        </tr>
      
        <tr>
          <td>CACHE_MIDDLEWARE_KEY_PREFIX</td>
          <td class="code"><pre>&#x27;********************&#x27;</pre></td>
        </tr>
      
        <tr>
          <td>CACHE_MIDDLEWARE_SECONDS</td>
          <td class="code"><pre>600</pre></td>
        </tr>
      
        <tr>
          <td>CSRF_COOKIE_AGE</td>
          <td class="code"><pre>31449600</pre></td>
        </tr>
      
        <tr>
          <td>CSRF_COOKIE_DOMAIN</td>
          <td class="code"><pre>None</pre></td>
        </tr>
      
        <tr>
          <td>CSRF_COOKIE_HTTPONLY</td>
          <td class="code"><pre>False</pre></td>
        </tr>
      
        <tr>
          <td>CSRF_COOKIE_NAME</td>
          <td class="code"><pre>&#x27;csrftoken&#x27;</pre></td>
        </tr>
      
        <tr>
          <td>CSRF_COOKIE_PATH</td>
          <td class="code"><pre>&#x27;/&#x27;</pre></td>
        </tr>
      
        <tr>
          <td>CSRF_COOKIE_SAMESITE</td>
          <td class="code"><pre>&#x27;Lax&#x27;</pre></td>
        </tr>
      
        <tr>
          <td>CSRF_COOKIE_SECURE</td>
          <td class="code"><pre>False</pre></td>
        </tr>
      
        <tr>
          <td>CSRF_FAILURE_VIEW</td>
          <td class="code"><pre>&#x27;django.views.csrf.csrf_failure&#x27;</pre></td>
        </tr>
      
        <tr>
          <td>CSRF_HEADER_NAME</td>
          <td class="code"><pre>&#x27;HTTP_X_CSRFTOKEN&#x27;</pre></td>
        </tr>
      
        <tr>
          <td>CSRF_TRUSTED_ORIGINS</td>
          <td class="code"><pre>[]</pre></td>
        </tr>
      
        <tr>
          <td>CSRF_USE_SESSIONS</td>
          <td class="code"><pre>False</pre></td>
        </tr>
      
        <tr>
          <td>DATABASES</td>
          <td class="code"><pre>{&#x27;default&#x27;: {&#x27;ATOMIC_REQUESTS&#x27;: False,
             &#x27;AUTOCOMMIT&#x27;: True,
             &#x27;CONN_MAX_AGE&#x27;: 0,
             &#x27;ENGINE&#x27;: &#x27;django.db.backends.sqlite3&#x27;,
             &#x27;HOST&#x27;: &#x27;&#x27;,
             &#x27;NAME&#x27;: &#x27;/app/db.sqlite3&#x27;,
             &#x27;OPTIONS&#x27;: {},
             &#x27;PASSWORD&#x27;: &#x27;********************&#x27;,
             &#x27;PORT&#x27;: &#x27;&#x27;,
             &#x27;TEST&#x27;: {&#x27;CHARSET&#x27;: None,
                      &#x27;COLLATION&#x27;: None,
                      &#x27;MIGRATE&#x27;: True,
                      &#x27;MIRROR&#x27;: None,
                      &#x27;NAME&#x27;: None},
             &#x27;TIME_ZONE&#x27;: None,
             &#x27;USER&#x27;: &#x27;&#x27;}}</pre></td>
        </tr>
      
        <tr>
          <td>DATABASE_ROUTERS</td>
          <td class="code"><pre>[]</pre></td>
        </tr>
      
        <tr>
          <td>DATA_UPLOAD_MAX_MEMORY_SIZE</td>
          <td class="code"><pre>2621440</pre></td>
        </tr>
      
        <tr>
          <td>DATA_UPLOAD_MAX_NUMBER_FIELDS</td>
          <td class="code"><pre>1000</pre></td>
        </tr>
      
        <tr>
          <td>DATETIME_FORMAT</td>
          <td class="code"><pre>&#x27;N j, Y, P&#x27;</pre></td>
        </tr>
      
        <tr>
          <td>DATETIME_INPUT_FORMATS</td>
          <td class="code"><pre>[&#x27;%Y-%m-%d %H:%M:%S&#x27;,
 &#x27;%Y-%m-%d %H:%M:%S.%f&#x27;,
 &#x27;%Y-%m-%d %H:%M&#x27;,
 &#x27;%m/%d/%Y %H:%M:%S&#x27;,
 &#x27;%m/%d/%Y %H:%M:%S.%f&#x27;,
 &#x27;%m/%d/%Y %H:%M&#x27;,
 &#x27;%m/%d/%y %H:%M:%S&#x27;,
 &#x27;%m/%d/%y %H:%M:%S.%f&#x27;,
 &#x27;%m/%d/%y %H:%M&#x27;]</pre></td>
        </tr>
      
        <tr>
          <td>DATE_FORMAT</td>
          <td class="code"><pre>&#x27;N j, Y&#x27;</pre></td>
        </tr>
      
        <tr>
          <td>DATE_INPUT_FORMATS</td>
          <td class="code"><pre>[&#x27;%Y-%m-%d&#x27;,
 &#x27;%m/%d/%Y&#x27;,
 &#x27;%m/%d/%y&#x27;,
 &#x27;%b %d %Y&#x27;,
 &#x27;%b %d, %Y&#x27;,
 &#x27;%d %b %Y&#x27;,
 &#x27;%d %b, %Y&#x27;,
 &#x27;%B %d %Y&#x27;,
 &#x27;%B %d, %Y&#x27;,
 &#x27;%d %B %Y&#x27;,
 &#x27;%d %B, %Y&#x27;]</pre></td>
        </tr>
      
        <tr>
          <td>DEBUG</td>
          <td class="code"><pre>True</pre></td>
        </tr>
      
        <tr>
          <td>DEBUG_PROPAGATE_EXCEPTIONS</td>
          <td class="code"><pre>False</pre></td>
        </tr>
      
        <tr>
          <td>DECIMAL_SEPARATOR</td>
          <td class="code"><pre>&#x27;.&#x27;</pre></td>
        </tr>
      
        <tr>
          <td>DEFAULT_AUTO_FIELD</td>
          <td class="code"><pre>&#x27;django.db.models.AutoField&#x27;</pre></td>
        </tr>
      
        <tr>
          <td>DEFAULT_CHARSET</td>
          <td class="code"><pre>&#x27;utf-8&#x27;</pre></td>
        </tr>
      
        <tr>
          <td>DEFAULT_EXCEPTION_REPORTER</td>
          <td class="code"><pre>&#x27;django.views.debug.ExceptionReporter&#x27;</pre></td>
        </tr>
      
        <tr>
          <td>DEFAULT_EXCEPTION_REPORTER_FILTER</td>
          <td class="code"><pre>&#x27;django.views.debug.SafeExceptionReporterFilter&#x27;</pre></td>
        </tr>
      
        <tr>
          <td>DEFAULT_FILE_STORAGE</td>
          <td class="code"><pre>&#x27;django.core.files.storage.FileSystemStorage&#x27;</pre></td>
        </tr>
      
        <tr>
          <td>DEFAULT_FROM_EMAIL</td>
          <td class="code"><pre>&#x27;webmaster@localhost&#x27;</pre></td>
        </tr>
      
        <tr>
          <td>DEFAULT_HASHING_ALGORITHM</td>
          <td class="code"><pre>&#x27;sha256&#x27;</pre></td>
        </tr>
      
        <tr>
          <td>DEFAULT_INDEX_TABLESPACE</td>
          <td class="code"><pre>&#x27;&#x27;</pre></td>
        </tr>
      
        <tr>
          <td>DEFAULT_TABLESPACE</td>
          <td class="code"><pre>&#x27;&#x27;</pre></td>
        </tr>
      
        <tr>
          <td>DISALLOWED_USER_AGENTS</td>
          <td class="code"><pre>[]</pre></td>
        </tr>
      
        <tr>
          <td>EMAIL_BACKEND</td>
          <td class="code"><pre>&#x27;django.core.mail.backends.smtp.EmailBackend&#x27;</pre></td>
        </tr>
      
        <tr>
          <td>EMAIL_HOST</td>
          <td class="code"><pre>&#x27;localhost&#x27;</pre></td>
        </tr>
      
        <tr>
          <td>EMAIL_HOST_PASSWORD</td>
          <td class="code"><pre>&#x27;********************&#x27;</pre></td>
        </tr>
      
        <tr>
          <td>EMAIL_HOST_USER</td>
          <td class="code"><pre>&#x27;&#x27;</pre></td>
        </tr>
      
        <tr>
          <td>EMAIL_PORT</td>
          <td class="code"><pre>25</pre></td>
        </tr>
      
        <tr>
          <td>EMAIL_SSL_CERTFILE</td>
          <td class="code"><pre>None</pre></td>
        </tr>
      
        <tr>
          <td>EMAIL_SSL_KEYFILE</td>
          <td class="code"><pre>&#x27;********************&#x27;</pre></td>
        </tr>
      
        <tr>
          <td>EMAIL_SUBJECT_PREFIX</td>
          <td class="code"><pre>&#x27;[Django] &#x27;</pre></td>
        </tr>
      
        <tr>
          <td>EMAIL_TIMEOUT</td>
          <td class="code"><pre>None</pre></td>
        </tr>
      
        <tr>
          <td>EMAIL_USE_LOCALTIME</td>
          <td class="code"><pre>False</pre></td>
        </tr>
      
        <tr>
          <td>EMAIL_USE_SSL</td>
          <td class="code"><pre>False</pre></td>
        </tr>
      
        <tr>
          <td>EMAIL_USE_TLS</td>
          <td class="code"><pre>False</pre></td>
        </tr>
      
        <tr>
          <td>FILE_UPLOAD_DIRECTORY_PERMISSIONS</td>
          <td class="code"><pre>None</pre></td>
        </tr>
      
        <tr>
          <td>FILE_UPLOAD_HANDLERS</td>
          <td class="code"><pre>[&#x27;django.core.files.uploadhandler.MemoryFileUploadHandler&#x27;,
 &#x27;django.core.files.uploadhandler.TemporaryFileUploadHandler&#x27;]</pre></td>
        </tr>
      
        <tr>
          <td>FILE_UPLOAD_MAX_MEMORY_SIZE</td>
          <td class="code"><pre>2621440</pre></td>
        </tr>
      
        <tr>
          <td>FILE_UPLOAD_PERMISSIONS</td>
          <td class="code"><pre>420</pre></td>
        </tr>
      
        <tr>
          <td>FILE_UPLOAD_TEMP_DIR</td>
          <td class="code"><pre>None</pre></td>
        </tr>
      
        <tr>
          <td>FIRST_DAY_OF_WEEK</td>
          <td class="code"><pre>0</pre></td>
        </tr>
      
        <tr>
          <td>FIXTURE_DIRS</td>
          <td class="code"><pre>[]</pre></td>
        </tr>
      
        <tr>
          <td>FORCE_SCRIPT_NAME</td>
          <td class="code"><pre>None</pre></td>
        </tr>
      
        <tr>
          <td>FORMAT_MODULE_PATH</td>
          <td class="code"><pre>None</pre></td>
        </tr>
      
        <tr>
          <td>FORM_RENDERER</td>
          <td class="code"><pre>&#x27;django.forms.renderers.DjangoTemplates&#x27;</pre></td>
        </tr>
      
        <tr>
          <td>IGNORABLE_404_URLS</td>
          <td class="code"><pre>[]</pre></td>
        </tr>
      
        <tr>
          <td>INSTALLED_APPS</td>
          <td class="code"><pre>[&#x27;django.contrib.admin&#x27;,
 &#x27;django.contrib.auth&#x27;,
 &#x27;django.contrib.contenttypes&#x27;,
 &#x27;django.contrib.sessions&#x27;,
 &#x27;django.contrib.messages&#x27;,
 &#x27;django.contrib.staticfiles&#x27;]</pre></td>
        </tr>
      
        <tr>
          <td>INTERNAL_IPS</td>
          <td class="code"><pre>[]</pre></td>
        </tr>
      
        <tr>
          <td>LANGUAGES</td>
          <td class="code"><pre>[(&#x27;af&#x27;, &#x27;Afrikaans&#x27;),
 (&#x27;ar&#x27;, &#x27;Arabic&#x27;),
 (&#x27;ar-dz&#x27;, &#x27;Algerian Arabic&#x27;),
 (&#x27;ast&#x27;, &#x27;Asturian&#x27;),
 (&#x27;az&#x27;, &#x27;Azerbaijani&#x27;),
 (&#x27;bg&#x27;, &#x27;Bulgarian&#x27;),
 (&#x27;be&#x27;, &#x27;Belarusian&#x27;),
 (&#x27;bn&#x27;, &#x27;Bengali&#x27;),
 (&#x27;br&#x27;, &#x27;Breton&#x27;),
 (&#x27;bs&#x27;, &#x27;Bosnian&#x27;),
 (&#x27;ca&#x27;, &#x27;Catalan&#x27;),
 (&#x27;cs&#x27;, &#x27;Czech&#x27;),
 (&#x27;cy&#x27;, &#x27;Welsh&#x27;),
 (&#x27;da&#x27;, &#x27;Danish&#x27;),
 (&#x27;de&#x27;, &#x27;German&#x27;),
 (&#x27;dsb&#x27;, &#x27;Lower Sorbian&#x27;),
 (&#x27;el&#x27;, &#x27;Greek&#x27;),
 (&#x27;en&#x27;, &#x27;English&#x27;),
 (&#x27;en-au&#x27;, &#x27;Australian English&#x27;),
 (&#x27;en-gb&#x27;, &#x27;British English&#x27;),
 (&#x27;eo&#x27;, &#x27;Esperanto&#x27;),
 (&#x27;es&#x27;, &#x27;Spanish&#x27;),
 (&#x27;es-ar&#x27;, &#x27;Argentinian Spanish&#x27;),
 (&#x27;es-co&#x27;, &#x27;Colombian Spanish&#x27;),
 (&#x27;es-mx&#x27;, &#x27;Mexican Spanish&#x27;),
 (&#x27;es-ni&#x27;, &#x27;Nicaraguan Spanish&#x27;),
 (&#x27;es-ve&#x27;, &#x27;Venezuelan Spanish&#x27;),
 (&#x27;et&#x27;, &#x27;Estonian&#x27;),
 (&#x27;eu&#x27;, &#x27;Basque&#x27;),
 (&#x27;fa&#x27;, &#x27;Persian&#x27;),
 (&#x27;fi&#x27;, &#x27;Finnish&#x27;),
 (&#x27;fr&#x27;, &#x27;French&#x27;),
 (&#x27;fy&#x27;, &#x27;Frisian&#x27;),
 (&#x27;ga&#x27;, &#x27;Irish&#x27;),
 (&#x27;gd&#x27;, &#x27;Scottish Gaelic&#x27;),
 (&#x27;gl&#x27;, &#x27;Galician&#x27;),
 (&#x27;he&#x27;, &#x27;Hebrew&#x27;),
 (&#x27;hi&#x27;, &#x27;Hindi&#x27;),
 (&#x27;hr&#x27;, &#x27;Croatian&#x27;),
 (&#x27;hsb&#x27;, &#x27;Upper Sorbian&#x27;),
 (&#x27;hu&#x27;, &#x27;Hungarian&#x27;),
 (&#x27;hy&#x27;, &#x27;Armenian&#x27;),
 (&#x27;ia&#x27;, &#x27;Interlingua&#x27;),
 (&#x27;id&#x27;, &#x27;Indonesian&#x27;),
 (&#x27;ig&#x27;, &#x27;Igbo&#x27;),
 (&#x27;io&#x27;, &#x27;Ido&#x27;),
 (&#x27;is&#x27;, &#x27;Icelandic&#x27;),
 (&#x27;it&#x27;, &#x27;Italian&#x27;),
 (&#x27;ja&#x27;, &#x27;Japanese&#x27;),
 (&#x27;ka&#x27;, &#x27;Georgian&#x27;),
 (&#x27;kab&#x27;, &#x27;Kabyle&#x27;),
 (&#x27;kk&#x27;, &#x27;Kazakh&#x27;),
 (&#x27;km&#x27;, &#x27;Khmer&#x27;),
 (&#x27;kn&#x27;, &#x27;Kannada&#x27;),
 (&#x27;ko&#x27;, &#x27;Korean&#x27;),
 (&#x27;ky&#x27;, &#x27;Kyrgyz&#x27;),
 (&#x27;lb&#x27;, &#x27;Luxembourgish&#x27;),
 (&#x27;lt&#x27;, &#x27;Lithuanian&#x27;),
 (&#x27;lv&#x27;, &#x27;Latvian&#x27;),
 (&#x27;mk&#x27;, &#x27;Macedonian&#x27;),
 (&#x27;ml&#x27;, &#x27;Malayalam&#x27;),
 (&#x27;mn&#x27;, &#x27;Mongolian&#x27;),
 (&#x27;mr&#x27;, &#x27;Marathi&#x27;),
 (&#x27;my&#x27;, &#x27;Burmese&#x27;),
 (&#x27;nb&#x27;, &#x27;Norwegian Bokmål&#x27;),
 (&#x27;ne&#x27;, &#x27;Nepali&#x27;),
 (&#x27;nl&#x27;, &#x27;Dutch&#x27;),
 (&#x27;nn&#x27;, &#x27;Norwegian Nynorsk&#x27;),
 (&#x27;os&#x27;, &#x27;Ossetic&#x27;),
 (&#x27;pa&#x27;, &#x27;Punjabi&#x27;),
 (&#x27;pl&#x27;, &#x27;Polish&#x27;),
 (&#x27;pt&#x27;, &#x27;Portuguese&#x27;),
 (&#x27;pt-br&#x27;, &#x27;Brazilian Portuguese&#x27;),
 (&#x27;ro&#x27;, &#x27;Romanian&#x27;),
 (&#x27;ru&#x27;, &#x27;Russian&#x27;),
 (&#x27;sk&#x27;, &#x27;Slovak&#x27;),
 (&#x27;sl&#x27;, &#x27;Slovenian&#x27;),
 (&#x27;sq&#x27;, &#x27;Albanian&#x27;),
 (&#x27;sr&#x27;, &#x27;Serbian&#x27;),
 (&#x27;sr-latn&#x27;, &#x27;Serbian Latin&#x27;),
 (&#x27;sv&#x27;, &#x27;Swedish&#x27;),
 (&#x27;sw&#x27;, &#x27;Swahili&#x27;),
 (&#x27;ta&#x27;, &#x27;Tamil&#x27;),
 (&#x27;te&#x27;, &#x27;Telugu&#x27;),
 (&#x27;tg&#x27;, &#x27;Tajik&#x27;),
 (&#x27;th&#x27;, &#x27;Thai&#x27;),
 (&#x27;tk&#x27;, &#x27;Turkmen&#x27;),
 (&#x27;tr&#x27;, &#x27;Turkish&#x27;),
 (&#x27;tt&#x27;, &#x27;Tatar&#x27;),
 (&#x27;udm&#x27;, &#x27;Udmurt&#x27;),
 (&#x27;uk&#x27;, &#x27;Ukrainian&#x27;),
 (&#x27;ur&#x27;, &#x27;Urdu&#x27;),
 (&#x27;uz&#x27;, &#x27;Uzbek&#x27;),
 (&#x27;vi&#x27;, &#x27;Vietnamese&#x27;),
 (&#x27;zh-hans&#x27;, &#x27;Simplified Chinese&#x27;),
 (&#x27;zh-hant&#x27;, &#x27;Traditional Chinese&#x27;)]</pre></td>
        </tr>
      
        <tr>
          <td>LANGUAGES_BIDI</td>
          <td class="code"><pre>[&#x27;he&#x27;, &#x27;ar&#x27;, &#x27;ar-dz&#x27;, &#x27;fa&#x27;, &#x27;ur&#x27;]</pre></td>
        </tr>
      
        <tr>
          <td>LANGUAGE_CODE</td>
          <td class="code"><pre>&#x27;en-us&#x27;</pre></td>
        </tr>
      
        <tr>
          <td>LANGUAGE_COOKIE_AGE</td>
          <td class="code"><pre>None</pre></td>
        </tr>
      
        <tr>
          <td>LANGUAGE_COOKIE_DOMAIN</td>
          <td class="code"><pre>None</pre></td>
        </tr>
      
        <tr>
          <td>LANGUAGE_COOKIE_HTTPONLY</td>
          <td class="code"><pre>False</pre></td>
        </tr>
      
        <tr>
          <td>LANGUAGE_COOKIE_NAME</td>
          <td class="code"><pre>&#x27;django_language&#x27;</pre></td>
        </tr>
      
        <tr>
          <td>LANGUAGE_COOKIE_PATH</td>
          <td class="code"><pre>&#x27;/&#x27;</pre></td>
        </tr>
      
        <tr>
          <td>LANGUAGE_COOKIE_SAMESITE</td>
          <td class="code"><pre>None</pre></td>
        </tr>
      
        <tr>
          <td>LANGUAGE_COOKIE_SECURE</td>
          <td class="code"><pre>False</pre></td>
        </tr>
      
        <tr>
          <td>LOCALE_PATHS</td>
          <td class="code"><pre>[]</pre></td>
        </tr>
      
        <tr>
          <td>LOGGING</td>
          <td class="code"><pre>{}</pre></td>
        </tr>
      
        <tr>
          <td>LOGGING_CONFIG</td>
          <td class="code"><pre>&#x27;logging.config.dictConfig&#x27;</pre></td>
        </tr>
      
        <tr>
          <td>LOGIN_REDIRECT_URL</td>
          <td class="code"><pre>&#x27;/accounts/profile/&#x27;</pre></td>
        </tr>
      
        <tr>
          <td>LOGIN_URL</td>
          <td class="code"><pre>&#x27;/accounts/login/&#x27;</pre></td>
        </tr>
      
        <tr>
          <td>LOGOUT_REDIRECT_URL</td>
          <td class="code"><pre>None</pre></td>
        </tr>
      
        <tr>
          <td>MANAGERS</td>
          <td class="code"><pre>[]</pre></td>
        </tr>
      
        <tr>
          <td>MEDIA_ROOT</td>
          <td class="code"><pre>&#x27;&#x27;</pre></td>
        </tr>
      
        <tr>
          <td>MEDIA_URL</td>
          <td class="code"><pre>&#x27;/&#x27;</pre></td>
        </tr>
      
        <tr>
          <td>MESSAGE_STORAGE</td>
          <td class="code"><pre>&#x27;django.contrib.messages.storage.fallback.FallbackStorage&#x27;</pre></td>
        </tr>
      
        <tr>
          <td>MIDDLEWARE</td>
          <td class="code"><pre>[&#x27;django.middleware.security.SecurityMiddleware&#x27;,
 &#x27;django.contrib.sessions.middleware.SessionMiddleware&#x27;,
 &#x27;django.middleware.common.CommonMiddleware&#x27;,
 &#x27;django.middleware.csrf.CsrfViewMiddleware&#x27;,
 &#x27;django.contrib.auth.middleware.AuthenticationMiddleware&#x27;,
 &#x27;django.contrib.messages.middleware.MessageMiddleware&#x27;,
 &#x27;django.middleware.clickjacking.XFrameOptionsMiddleware&#x27;]</pre></td>
        </tr>
      
        <tr>
          <td>MIGRATION_MODULES</td>
          <td class="code"><pre>{}</pre></td>
        </tr>
      
        <tr>
          <td>MONTH_DAY_FORMAT</td>
          <td class="code"><pre>&#x27;F j&#x27;</pre></td>
        </tr>
      
        <tr>
          <td>NUMBER_GROUPING</td>
          <td class="code"><pre>0</pre></td>
        </tr>
      
        <tr>
          <td>PASSWORD_HASHERS</td>
          <td class="code"><pre>&#x27;********************&#x27;</pre></td>
        </tr>
      
        <tr>
          <td>PASSWORD_RESET_TIMEOUT</td>
          <td class="code"><pre>&#x27;********************&#x27;</pre></td>
        </tr>
      
        <tr>
          <td>PASSWORD_RESET_TIMEOUT_DAYS</td>
          <td class="code"><pre>&#x27;********************&#x27;</pre></td>
        </tr>
      
        <tr>
          <td>PREPEND_WWW</td>
          <td class="code"><pre>False</pre></td>
        </tr>
      
        <tr>
          <td>ROOT_URLCONF</td>
          <td class="code"><pre>&#x27;myapp.urls&#x27;</pre></td>
        </tr>
      
        <tr>
          <td>SECRET_KEY</td>
          <td class="code"><pre>&#x27;********************&#x27;</pre></td>
        </tr>
      
        <tr>
          <td>SECURE_BROWSER_XSS_FILTER</td>
          <td class="code"><pre>False</pre></td>
        </tr>
      
        <tr>
          <td>SECURE_CONTENT_TYPE_NOSNIFF</td>
          <td class="code"><pre>True</pre></td>
        </tr>
      
        <tr>
          <td>SECURE_HSTS_INCLUDE_SUBDOMAINS</td>
          <td class="code"><pre>False</pre></td>
        </tr>
      
        <tr>
          <td>SECURE_HSTS_PRELOAD</td>
          <td class="code"><pre>False</pre></td>
        </tr>
      
        <tr>
          <td>SECURE_HSTS_SECONDS</td>
          <td class="code"><pre>0</pre></td>
        </tr>
      
        <tr>
          <td>SECURE_PROXY_SSL_HEADER</td>
          <td class="code"><pre>None</pre></td>
        </tr>
      
        <tr>
          <td>SECURE_REDIRECT_EXEMPT</td>
          <td class="code"><pre>[]</pre></td>
        </tr>
      
        <tr>
          <td>SECURE_REFERRER_POLICY</td>
          <td class="code"><pre>&#x27;same-origin&#x27;</pre></td>
        </tr>
      
        <tr>
          <td>SECURE_SSL_HOST</td>
          <td class="code"><pre>None</pre></td>
        </tr>
      
        <tr>
          <td>SECURE_SSL_REDIRECT</td>
          <td class="code"><pre>False</pre></td>
        </tr>
      
        <tr>
          <td>SERVER_EMAIL</td>
          <td class="code"><pre>&#x27;root@localhost&#x27;</pre></td>
        </tr>
      
        <tr>
          <td>SESSION_CACHE_ALIAS</td>
          <td class="code"><pre>&#x27;default&#x27;</pre></td>
        </tr>
      
        <tr>
          <td>SESSION_COOKIE_AGE</td>
          <td class="code"><pre>1209600</pre></td>
        </tr>
      
        <tr>
          <td>SESSION_COOKIE_DOMAIN</td>
          <td class="code"><pre>None</pre></td>
        </tr>
      
        <tr>
          <td>SESSION_COOKIE_HTTPONLY</td>
          <td class="code"><pre>True</pre></td>
        </tr>
      
        <tr>
          <td>SESSION_COOKIE_NAME</td>
          <td class="code"><pre>&#x27;sessionid&#x27;</pre></td>
        </tr>
      
        <tr>
          <td>SESSION_COOKIE_PATH</td>
          <td class="code"><pre>&#x27;/&#x27;</pre></td>
        </tr>
      
        <tr>
          <td>SESSION_COOKIE_SAMESITE</td>
          <td class="code"><pre>&#x27;Lax&#x27;</pre></td>
        </tr>
      
        <tr>
          <td>SESSION_COOKIE_SECURE</td>
          <td class="code"><pre>False</pre></td>
        </tr>
      
        <tr>
          <td>SESSION_ENGINE</td>
          <td class="code"><pre>&#x27;django.contrib.sessions.backends.db&#x27;</pre></td>
        </tr>
      
        <tr>
          <td>SESSION_EXPIRE_AT_BROWSER_CLOSE</td>
          <td class="code"><pre>False</pre></td>
        </tr>
      
        <tr>
          <td>SESSION_FILE_PATH</td>
          <td class="code"><pre>None</pre></td>
        </tr>
      
        <tr>
          <td>SESSION_SAVE_EVERY_REQUEST</td>
          <td class="code"><pre>False</pre></td>
        </tr>
      
        <tr>
          <td>SESSION_SERIALIZER</td>
          <td class="code"><pre>&#x27;django.contrib.sessions.serializers.JSONSerializer&#x27;</pre></td>
        </tr>
      
        <tr>
          <td>SETTINGS_MODULE</td>
          <td class="code"><pre>&#x27;myapp.settings&#x27;</pre></td>
        </tr>
      
        <tr>
          <td>SHORT_DATETIME_FORMAT</td>
          <td class="code"><pre>&#x27;m/d/Y P&#x27;</pre></td>
        </tr>
      
        <tr>
          <td>SHORT_DATE_FORMAT</td>
          <td class="code"><pre>&#x27;m/d/Y&#x27;</pre></td>
        </tr>
      
        <tr>
          <td>SIGNING_BACKEND</td>
          <td class="code"><pre>&#x27;django.core.signing.TimestampSigner&#x27;</pre></td>
        </tr>
      
        <tr>
          <td>SILENCED_SYSTEM_CHECKS</td>
          <td class="code"><pre>[]</pre></td>
        </tr>
      
        <tr>
          <td>STATICFILES_DIRS</td>
          <td class="code"><pre>[]</pre></td>
        </tr>
      
        <tr>
          <td>STATICFILES_FINDERS</td>
          <td class="code"><pre>[&#x27;django.contrib.staticfiles.finders.FileSystemFinder&#x27;,
 &#x27;django.contrib.staticfiles.finders.AppDirectoriesFinder&#x27;]</pre></td>
        </tr>
      
        <tr>
          <td>STATICFILES_STORAGE</td>
          <td class="code"><pre>&#x27;django.contrib.staticfiles.storage.StaticFilesStorage&#x27;</pre></td>
        </tr>
      
        <tr>
          <td>STATIC_ROOT</td>
          <td class="code"><pre>None</pre></td>
        </tr>
      
        <tr>
          <td>STATIC_URL</td>
          <td class="code"><pre>&#x27;/static/&#x27;</pre></td>
        </tr>
      
        <tr>
          <td>TEMPLATES</td>
          <td class="code"><pre>[{&#x27;APP_DIRS&#x27;: True,
  &#x27;BACKEND&#x27;: &#x27;django.template.backends.django.DjangoTemplates&#x27;,
  &#x27;DIRS&#x27;: [],
  &#x27;OPTIONS&#x27;: {&#x27;context_processors&#x27;: [&#x27;django.template.context_processors.debug&#x27;,
                                     &#x27;django.template.context_processors.request&#x27;,
                                     &#x27;django.contrib.auth.context_processors.auth&#x27;,
                                     &#x27;django.contrib.messages.context_processors.messages&#x27;]}}]</pre></td>
        </tr>
      
        <tr>
          <td>TEST_NON_SERIALIZED_APPS</td>
          <td class="code"><pre>[]</pre></td>
        </tr>
      
        <tr>
          <td>TEST_RUNNER</td>
          <td class="code"><pre>&#x27;django.test.runner.DiscoverRunner&#x27;</pre></td>
        </tr>
      
        <tr>
          <td>THOUSAND_SEPARATOR</td>
          <td class="code"><pre>&#x27;,&#x27;</pre></td>
        </tr>
      
        <tr>
          <td>TIME_FORMAT</td>
          <td class="code"><pre>&#x27;P&#x27;</pre></td>
        </tr>
      
        <tr>
          <td>TIME_INPUT_FORMATS</td>
          <td class="code"><pre>[&#x27;%H:%M:%S&#x27;, &#x27;%H:%M:%S.%f&#x27;, &#x27;%H:%M&#x27;]</pre></td>
        </tr>
      
        <tr>
          <td>TIME_ZONE</td>
          <td class="code"><pre>&#x27;UTC&#x27;</pre></td>
        </tr>
      
        <tr>
          <td>USE_I18N</td>
          <td class="code"><pre>True</pre></td>
        </tr>
      
        <tr>
          <td>USE_L10N</td>
          <td class="code"><pre>True</pre></td>
        </tr>
      
        <tr>
          <td>USE_THOUSAND_SEPARATOR</td>
          <td class="code"><pre>False</pre></td>
        </tr>
      
        <tr>
          <td>USE_TZ</td>
          <td class="code"><pre>True</pre></td>
        </tr>
      
        <tr>
          <td>USE_X_FORWARDED_HOST</td>
          <td class="code"><pre>False</pre></td>
        </tr>
      
        <tr>
          <td>USE_X_FORWARDED_PORT</td>
          <td class="code"><pre>False</pre></td>
        </tr>
      
        <tr>
          <td>WSGI_APPLICATION</td>
          <td class="code"><pre>&#x27;myapp.wsgi.application&#x27;</pre></td>
        </tr>
      
        <tr>
          <td>X_FRAME_OPTIONS</td>
          <td class="code"><pre>&#x27;DENY&#x27;</pre></td>
        </tr>
      
        <tr>
          <td>YEAR_MONTH_FORMAT</td>
          <td class="code"><pre>&#x27;F Y&#x27;</pre></td>
        </tr>
      
    </tbody>
  </table>

</div>

  <div id="explanation">
    <p>
      You’re seeing this error because you have <code>DEBUG = True</code> in your
      Django settings file. Change that to <code>False</code>, and Django will
      display a standard page generated by the handler for this status code.
    </p>
  </div>

</body>
</html>
igor@ubuntu-server:~/geekbrains/practice/2.docker/python-django$ docker ps
CONTAINER ID   IMAGE          COMMAND                  CREATED         STATUS         PORTS                                   NAMES
8ee1bb383977   7195fe0eefe0   "/bin/sh -c 'python …"   5 minutes ago   Up 5 minutes   0.0.0.0:80->8000/tcp, :::80->8000/tcp   wonderful_chatelet
igor@ubuntu-server:~/geekbrains/practice/2.docker/python-django$ docker logs 8ee1bb383977
Watching for file changes with StatReloader
Invalid HTTP_HOST header: '0.0.0.0'. You may need to add '0.0.0.0' to ALLOWED_HOSTS.
Bad Request: /
[24/Mar/2022 16:29:42] "GET / HTTP/1.1" 400 58203
igor@ubuntu-server:~/geekbrains/practice/2.docker/python-django$ docker image ls
REPOSITORY                    TAG       IMAGE ID       CREATED             SIZE
my-first-image                latest    26e85e62462f   22 minutes ago      974MB
my-first-image                v1        7195fe0eefe0   About an hour ago   956MB
python                        3.9       47abcf270bef   6 days ago          914MB
hello-world                   latest    feb5d9fea6a5   6 months ago        13.3kB
gcr.io/k8s-minikube/kicbase   v0.0.27   9fa1cc16ad6d   6 months ago        1.08GB
igor@ubuntu-server:~/geekbrains/practice/2.docker/python-django$ docker image rm 7195fe0eefe0
Error response from daemon: conflict: unable to delete 7195fe0eefe0 (cannot be forced) - image is being used by running container 8ee1bb383977
igor@ubuntu-server:~/geekbrains/practice/2.docker/python-django$ docker image rm feb5d9fea6a5
Error response from daemon: conflict: unable to delete feb5d9fea6a5 (must be forced) - image is being used by stopped container 0a4bdf412265
igor@ubuntu-server:~/geekbrains/practice/2.docker/python-django$ docker image rm 26e85e62462f
Error response from daemon: conflict: unable to delete 26e85e62462f (must be forced) - image is being used by stopped container 56a6cf0b90ec
igor@ubuntu-server:~/geekbrains/practice/2.docker/python-django$ docker image rm 9fa1cc16ad6d
Error response from daemon: conflict: unable to delete 9fa1cc16ad6d (must be forced) - image is being used by stopped container 3041bc99fb37
igor@ubuntu-server:~/geekbrains/practice/2.docker/python-django$ docker pull redhat/ubi8-minimal
Using default tag: latest
latest: Pulling from redhat/ubi8-minimal
510abfcdf6bc: Pull complete 
4a3604715398: Pull complete 
Digest: sha256:574f201d7ed185a9932c91cef5d397f5298dff9df08bc2ebb266c6d1e6284cd1
Status: Downloaded newer image for redhat/ubi8-minimal:latest
docker.io/redhat/ubi8-minimal:latest
igor@ubuntu-server:~/geekbrains/practice/2.docker/python-django$ docker image ls
REPOSITORY                    TAG       IMAGE ID       CREATED             SIZE
my-first-image                latest    26e85e62462f   30 minutes ago      974MB
my-first-image                v1        7195fe0eefe0   About an hour ago   956MB
python                        3.9       47abcf270bef   6 days ago          914MB
redhat/ubi8-minimal           latest    281e62f51d47   2 weeks ago         103MB
hello-world                   latest    feb5d9fea6a5   6 months ago        13.3kB
gcr.io/k8s-minikube/kicbase   v0.0.27   9fa1cc16ad6d   6 months ago        1.08GB
igor@ubuntu-server:~/geekbrains/practice/2.docker/python-django$ 

